
 Start  Stop   Length Name               Class

 00000H 03B82H 03B83H _TEXT              CODE
 03B84H 04C64H 010E1H _DATA              DATA
 04C66H 054B6H 00851H _BSS               BSS


Detailed map of segments

 0000:0000 00C3 C=CODE   S=_TEXT          G=(none)  M=INIT.C     ACBP=28
 0000:00C3 1881 C=CODE   S=_TEXT          G=(none)  M=COMMAND.C  ACBP=28
 0000:1944 08CC C=CODE   S=_TEXT          G=(none)  M=LIB.C      ACBP=28
 0000:2210 01AB C=CODE   S=_TEXT          G=(none)  M=MINISO.ASM ACBP=28
 0000:23BB 17C8 C=CODE   S=_TEXT          G=(none)  M=SCALL.C    ACBP=28
 03B8:0004 004E C=DATA   S=_DATA          G=DGROUP  M=INIT.C     ACBP=48
 03B8:0052 0E7E C=DATA   S=_DATA          G=DGROUP  M=COMMAND.C  ACBP=48
 03B8:0ED0 0000 C=DATA   S=_DATA          G=DGROUP  M=LIB.C      ACBP=48
 03B8:0ED0 0002 C=DATA   S=_DATA          G=DGROUP  M=MINISO.ASM ACBP=48
 03B8:0ED2 0213 C=DATA   S=_DATA          G=DGROUP  M=SCALL.C    ACBP=48
 03B8:10E6 0000 C=BSS    S=_BSS           G=DGROUP  M=INIT.C     ACBP=48
 03B8:10E6 0659 C=BSS    S=_BSS           G=DGROUP  M=COMMAND.C  ACBP=48
 03B8:1740 0000 C=BSS    S=_BSS           G=DGROUP  M=LIB.C      ACBP=48
 03B8:1740 01F7 C=BSS    S=_BSS           G=DGROUP  M=SCALL.C    ACBP=48

  Address         Publics by Name

 0000:22EC idle  LDIV@
 0000:22FD idle  LMOD@
 0000:22F4 idle  LUDIV@
 0000:2306 idle  LUMOD@
 0000:239D idle  LXLSH@
 0000:22D2 idle  LXMUL@
 0000:22E9 idle  N_LDIV@
 0000:22FA idle  N_LMOD@
 0000:22F1       N_LUDIV@
 0000:2303       N_LUMOD@
 0000:239A idle  N_LXLSH@
 0000:22C9       N_LXMUL@
 0000:1C21       _ATOI
 0000:1790 idle  _AVANCA
 0000:195B       _CLRSCR
 0000:0A43 idle  _CMD_CLS
 0000:0908 idle  _CMD_DATE
 0000:10A7 idle  _CMD_DEMO
 0000:0E4F idle  _CMD_ECHO
 0000:089B idle  _CMD_EXIT
 0000:08B0 idle  _CMD_HELP
 0000:0D2E idle  _CMD_KILL
 0000:18A9 idle  _CMD_PRODCONS
 0000:0A88 idle  _CMD_PS
 0000:0885 idle  _CMD_REBOOT
 0000:15A2 idle  _CMD_RESUME
 0000:12F8 idle  _CMD_SEMCREATE
 0000:151D idle  _CMD_SEMDESTROY
 0000:1202 idle  _CMD_SEMLS
 0000:1490 idle  _CMD_SEMTEST
 0000:14E4 idle  _CMD_SEMUP
 0000:0D76 idle  _CMD_SET
 0000:1556 idle  _CMD_STOP
 0000:187E idle  _CMD_TCONS
 0000:09A3 idle  _CMD_TIME
 0000:1853 idle  _CMD_TPROD
 0000:0E0F idle  _CMD_UNSET
 0000:0A59 idle  _CMD_VER
 0000:118A idle  _CMD_WAIT
 0000:10FB idle  _CMD_WAITPID
 0000:00C3       _COMMAND
 0000:17CD idle  _CONSOME
 0000:1821 idle  _CONSUMIDOR
 0000:2287       _DISABLE
 0000:2285       _ENABLE
 0000:20EE       _EXIT
 0000:2082       _FORK
 0000:229C       _FP_OFF
 0000:2294       _FP_SEG
 0000:1950       _GETCH
 0000:19D3       _GETCOLOR
 0000:1A0F       _GETDATE
 0000:20FA       _GETPID
 0000:2105 idle  _GETPPID
 0000:1A32       _GETTIME
 0000:2268       _GETVECT
 0000:1A00       _GOTOXY
 0000:1641 idle  _IMPRIMEBUFFER
 0000:15EE idle  _IMPRIMELISTA
 0000:1776 idle  _INICIALIZALISTA
 0000:22A4       _INIT_DS
 0000:22AE       _INIT_STACK
 0000:1FB5       _INTTOSTR
 0000:1BFA idle  _ISALPHA
 0000:1BDD idle  _ISDIGIT
 0000:2093       _KILL
 0000:0000 idle  _MAIN
 0000:2192       _MINISLEEP
 0000:2220       _MINISO_CLOCKHANDLER
 0000:274C       _MINISO_CONTEXTSWITCH
 03B8:1746 idle  _MINISO_DELCURTHREAD
 03B8:0EDB idle  _MINISO_FREE
 0000:2892       _MINISO_INIT_PROCTABLE
 0000:2877 idle  _MINISO_INIT_SEMTABLE
 03B8:1744 idle  _MINISO_NEXTTHREAD
 03B8:1740       _MINISO_OLDISR
 03B8:0ED9 idle  _MINISO_READY
 0000:2231       _MINISO_RETURN_ADDR
 03B8:0EDD idle  _MINISO_SCALL_TABLE
 03B8:18E7       _MINISO_SEM
 0000:2210       _MINISO_SYSTEMCALL
 03B8:1747       _MINISO_THREAD
 0000:2289       _MK_FP
 0000:17EF idle  _PRODUTOR
 0000:17AB idle  _PRODUZ
 0000:1944       _PUTCH
 0000:1964       _PUTSTR
 0000:1983       _PUTSTRXY
 0000:2079       _REBOOT
 0000:2184       _RESUME
 0000:23BB       _SCALL
 0000:257B idle  _SC_CLRSCR
 0000:323E idle  _SC_EXIT
 0000:2993 idle  _SC_FORK
 0000:252B idle  _SC_GETCH
 0000:259D idle  _SC_GETCOLOR
 0000:2603 idle  _SC_GETDATE
 0000:34C3 idle  _SC_GETPID
 0000:34D8 idle  _SC_GETPPID
 0000:26B3 idle  _SC_GETTIME
 0000:25D5 idle  _SC_GOTOXY
 0000:2BEF idle  _SC_KILL
 0000:2495 idle  _SC_PUTCH
 0000:2973 idle  _SC_REBOOT
 0000:3AF6 idle  _SC_RESUME
 0000:3723 idle  _SC_SEMCREATE
 0000:3A1A idle  _SC_SEMDESTROY
 0000:38D4 idle  _SC_SEMDOWN
 0000:37AE idle  _SC_SEMSET
 0000:37E7 idle  _SC_SEMUP
 0000:34ED idle  _SC_SENDSIGNAL
 0000:25A8 idle  _SC_SETCOLOR
 0000:3A52 idle  _SC_STOP
 0000:30BE idle  _SC_WAIT
 0000:2EEB idle  _SC_WAITPID
 0000:35ED idle  _SC_WAITSIGNAL
 0000:25B7 idle  _SC_WHEREX
 0000:25C4 idle  _SC_WHEREY
 0000:212D       _SEMCREATE
 0000:2168       _SEMDESTROY
 0000:215A       _SEMDOWN
 03B8:112C idle  _SEMID
 0000:213B idle  _SEMSET
 0000:214C       _SEMUP
 0000:1387 idle  _SEM_APLIC
 0000:2110 idle  _SENDSIGNAL
 0000:19DE       _SETCOLOR
 0000:2241       _SETVECT
 0000:21BF       _SLEEP
 0000:2176       _STOP
 0000:1B81       _STRCMP
 0000:1A55       _STRCPY
 0000:1BC3       _STRLEN
 0000:1B35 idle  _STRLWR
 0000:1A97 idle  _STRNCPY
 0000:1AE9 idle  _STRUPR
 0000:1D7B idle  _UNSIGNEDLONGTOSTR
 0000:1C9B       _UNSIGNEDTOSTR
 0000:1F35 idle  _UNSIGNEDTOSTRHEXA
 0000:20A1       _WAIT
 0000:20C6       _WAITPID
 0000:2121 idle  _WAITSIGNAL
 0000:19EA       _WHEREX
 0000:19F5       _WHEREY

  Address         Publics by Value

 0000:0000 idle  _MAIN
 0000:00C3       _COMMAND
 0000:0885 idle  _CMD_REBOOT
 0000:089B idle  _CMD_EXIT
 0000:08B0 idle  _CMD_HELP
 0000:0908 idle  _CMD_DATE
 0000:09A3 idle  _CMD_TIME
 0000:0A43 idle  _CMD_CLS
 0000:0A59 idle  _CMD_VER
 0000:0A88 idle  _CMD_PS
 0000:0D2E idle  _CMD_KILL
 0000:0D76 idle  _CMD_SET
 0000:0E0F idle  _CMD_UNSET
 0000:0E4F idle  _CMD_ECHO
 0000:10A7 idle  _CMD_DEMO
 0000:10FB idle  _CMD_WAITPID
 0000:118A idle  _CMD_WAIT
 0000:1202 idle  _CMD_SEMLS
 0000:12F8 idle  _CMD_SEMCREATE
 0000:1387 idle  _SEM_APLIC
 0000:1490 idle  _CMD_SEMTEST
 0000:14E4 idle  _CMD_SEMUP
 0000:151D idle  _CMD_SEMDESTROY
 0000:1556 idle  _CMD_STOP
 0000:15A2 idle  _CMD_RESUME
 0000:15EE idle  _IMPRIMELISTA
 0000:1641 idle  _IMPRIMEBUFFER
 0000:1776 idle  _INICIALIZALISTA
 0000:1790 idle  _AVANCA
 0000:17AB idle  _PRODUZ
 0000:17CD idle  _CONSOME
 0000:17EF idle  _PRODUTOR
 0000:1821 idle  _CONSUMIDOR
 0000:1853 idle  _CMD_TPROD
 0000:187E idle  _CMD_TCONS
 0000:18A9 idle  _CMD_PRODCONS
 0000:1944       _PUTCH
 0000:1950       _GETCH
 0000:195B       _CLRSCR
 0000:1964       _PUTSTR
 0000:1983       _PUTSTRXY
 0000:19D3       _GETCOLOR
 0000:19DE       _SETCOLOR
 0000:19EA       _WHEREX
 0000:19F5       _WHEREY
 0000:1A00       _GOTOXY
 0000:1A0F       _GETDATE
 0000:1A32       _GETTIME
 0000:1A55       _STRCPY
 0000:1A97 idle  _STRNCPY
 0000:1AE9 idle  _STRUPR
 0000:1B35 idle  _STRLWR
 0000:1B81       _STRCMP
 0000:1BC3       _STRLEN
 0000:1BDD idle  _ISDIGIT
 0000:1BFA idle  _ISALPHA
 0000:1C21       _ATOI
 0000:1C9B       _UNSIGNEDTOSTR
 0000:1D7B idle  _UNSIGNEDLONGTOSTR
 0000:1F35 idle  _UNSIGNEDTOSTRHEXA
 0000:1FB5       _INTTOSTR
 0000:2079       _REBOOT
 0000:2082       _FORK
 0000:2093       _KILL
 0000:20A1       _WAIT
 0000:20C6       _WAITPID
 0000:20EE       _EXIT
 0000:20FA       _GETPID
 0000:2105 idle  _GETPPID
 0000:2110 idle  _SENDSIGNAL
 0000:2121 idle  _WAITSIGNAL
 0000:212D       _SEMCREATE
 0000:213B idle  _SEMSET
 0000:214C       _SEMUP
 0000:215A       _SEMDOWN
 0000:2168       _SEMDESTROY
 0000:2176       _STOP
 0000:2184       _RESUME
 0000:2192       _MINISLEEP
 0000:21BF       _SLEEP
 0000:2210       _MINISO_SYSTEMCALL
 0000:2220       _MINISO_CLOCKHANDLER
 0000:2231       _MINISO_RETURN_ADDR
 0000:2241       _SETVECT
 0000:2268       _GETVECT
 0000:2285       _ENABLE
 0000:2287       _DISABLE
 0000:2289       _MK_FP
 0000:2294       _FP_SEG
 0000:229C       _FP_OFF
 0000:22A4       _INIT_DS
 0000:22AE       _INIT_STACK
 0000:22C9       N_LXMUL@
 0000:22D2 idle  LXMUL@
 0000:22E9 idle  N_LDIV@
 0000:22EC idle  LDIV@
 0000:22F1       N_LUDIV@
 0000:22F4 idle  LUDIV@
 0000:22FA idle  N_LMOD@
 0000:22FD idle  LMOD@
 0000:2303       N_LUMOD@
 0000:2306 idle  LUMOD@
 0000:239A idle  N_LXLSH@
 0000:239D idle  LXLSH@
 0000:23BB       _SCALL
 0000:2495 idle  _SC_PUTCH
 0000:252B idle  _SC_GETCH
 0000:257B idle  _SC_CLRSCR
 0000:259D idle  _SC_GETCOLOR
 0000:25A8 idle  _SC_SETCOLOR
 0000:25B7 idle  _SC_WHEREX
 0000:25C4 idle  _SC_WHEREY
 0000:25D5 idle  _SC_GOTOXY
 0000:2603 idle  _SC_GETDATE
 0000:26B3 idle  _SC_GETTIME
 0000:274C       _MINISO_CONTEXTSWITCH
 0000:2877 idle  _MINISO_INIT_SEMTABLE
 0000:2892       _MINISO_INIT_PROCTABLE
 0000:2973 idle  _SC_REBOOT
 0000:2993 idle  _SC_FORK
 0000:2BEF idle  _SC_KILL
 0000:2EEB idle  _SC_WAITPID
 0000:30BE idle  _SC_WAIT
 0000:323E idle  _SC_EXIT
 0000:34C3 idle  _SC_GETPID
 0000:34D8 idle  _SC_GETPPID
 0000:34ED idle  _SC_SENDSIGNAL
 0000:35ED idle  _SC_WAITSIGNAL
 0000:3723 idle  _SC_SEMCREATE
 0000:37AE idle  _SC_SEMSET
 0000:37E7 idle  _SC_SEMUP
 0000:38D4 idle  _SC_SEMDOWN
 0000:3A1A idle  _SC_SEMDESTROY
 0000:3A52 idle  _SC_STOP
 0000:3AF6 idle  _SC_RESUME
 03B8:0ED9 idle  _MINISO_READY
 03B8:0EDB idle  _MINISO_FREE
 03B8:0EDD idle  _MINISO_SCALL_TABLE
 03B8:112C idle  _SEMID
 03B8:1740       _MINISO_OLDISR
 03B8:1744 idle  _MINISO_NEXTTHREAD
 03B8:1746 idle  _MINISO_DELCURTHREAD
 03B8:1747       _MINISO_THREAD
 03B8:18E7       _MINISO_SEM

Program entry point at 0000:0000
Warning: No stack

