
 Start  Stop   Length Name               Class

 00000H 037EEH 037EFH _TEXT              CODE
 037F0H 04720H 00F31H _DATA              DATA
 04722H 04F40H 0081FH _BSS               BSS


Detailed map of segments

 0000:0000 00C3 C=CODE   S=_TEXT          G=(none)  M=INIT.C     ACBP=28
 0000:00C3 156B C=CODE   S=_TEXT          G=(none)  M=COMMAND.C  ACBP=28
 0000:162E 084E C=CODE   S=_TEXT          G=(none)  M=LIB.C      ACBP=28
 0000:1E7C 01AB C=CODE   S=_TEXT          G=(none)  M=MINISO.ASM ACBP=28
 0000:2027 17C8 C=CODE   S=_TEXT          G=(none)  M=SCALL.C    ACBP=28
 037F:0000 004E C=DATA   S=_DATA          G=DGROUP  M=INIT.C     ACBP=48
 037F:004E 0CCD C=DATA   S=_DATA          G=DGROUP  M=COMMAND.C  ACBP=48
 037F:0D1C 0000 C=DATA   S=_DATA          G=DGROUP  M=LIB.C      ACBP=48
 037F:0D1C 0002 C=DATA   S=_DATA          G=DGROUP  M=MINISO.ASM ACBP=48
 037F:0D1E 0213 C=DATA   S=_DATA          G=DGROUP  M=SCALL.C    ACBP=48
 037F:0F32 0000 C=BSS    S=_BSS           G=DGROUP  M=INIT.C     ACBP=48
 037F:0F32 0627 C=BSS    S=_BSS           G=DGROUP  M=COMMAND.C  ACBP=48
 037F:155A 0000 C=BSS    S=_BSS           G=DGROUP  M=LIB.C      ACBP=48
 037F:155A 01F7 C=BSS    S=_BSS           G=DGROUP  M=SCALL.C    ACBP=48

  Address         Publics by Name

 0000:1F58 idle  LDIV@
 0000:1F69 idle  LMOD@
 0000:1F60 idle  LUDIV@
 0000:1F72 idle  LUMOD@
 0000:2009 idle  LXLSH@
 0000:1F3E idle  LXMUL@
 0000:1F55 idle  N_LDIV@
 0000:1F66 idle  N_LMOD@
 0000:1F5D       N_LUDIV@
 0000:1F6F       N_LUMOD@
 0000:2006 idle  N_LXLSH@
 0000:1F35       N_LXMUL@
 0000:190B       _ATOI
 0000:1645       _CLRSCR
 0000:0A43 idle  _CMD_CLS
 0000:0908 idle  _CMD_DATE
 0000:10A7 idle  _CMD_DEMO
 0000:0E4F idle  _CMD_ECHO
 0000:089B idle  _CMD_EXIT
 0000:08B0 idle  _CMD_HELP
 0000:0D2E idle  _CMD_KILL
 0000:15FD idle  _CMD_PRODCONS
 0000:0A88 idle  _CMD_PS
 0000:0885 idle  _CMD_REBOOT
 0000:15A2 idle  _CMD_RESUME
 0000:12F8 idle  _CMD_SEMCREATE
 0000:151D idle  _CMD_SEMDESTROY
 0000:1202 idle  _CMD_SEMLS
 0000:1490 idle  _CMD_SEMTEST
 0000:14E4 idle  _CMD_SEMUP
 0000:0D76 idle  _CMD_SET
 0000:1556 idle  _CMD_STOP
 0000:09A3 idle  _CMD_TIME
 0000:0E0F idle  _CMD_UNSET
 0000:0A59 idle  _CMD_VER
 0000:118A idle  _CMD_WAIT
 0000:10FB idle  _CMD_WAITPID
 0000:00C3       _COMMAND
 0000:1EF3       _DISABLE
 0000:1EF1       _ENABLE
 0000:1DD8       _EXIT
 0000:1D6C       _FORK
 0000:1F08       _FP_OFF
 0000:1F00       _FP_SEG
 0000:163A       _GETCH
 0000:16BD       _GETCOLOR
 0000:16F9       _GETDATE
 0000:1DE4       _GETPID
 0000:1DEF idle  _GETPPID
 0000:171C       _GETTIME
 0000:1ED4       _GETVECT
 0000:16EA       _GOTOXY
 0000:1F10       _INIT_DS
 0000:1F1A       _INIT_STACK
 0000:1C9F       _INTTOSTR
 0000:18E4 idle  _ISALPHA
 0000:18C7 idle  _ISDIGIT
 0000:1D7D       _KILL
 0000:0000 idle  _MAIN
 0000:1E8C       _MINISO_CLOCKHANDLER
 0000:23B8       _MINISO_CONTEXTSWITCH
 037F:1560 idle  _MINISO_DELCURTHREAD
 037F:0D27 idle  _MINISO_FREE
 0000:24FE       _MINISO_INIT_PROCTABLE
 0000:24E3 idle  _MINISO_INIT_SEMTABLE
 037F:155E idle  _MINISO_NEXTTHREAD
 037F:155A       _MINISO_OLDISR
 037F:0D25 idle  _MINISO_READY
 0000:1E9D       _MINISO_RETURN_ADDR
 037F:0D29 idle  _MINISO_SCALL_TABLE
 037F:1701       _MINISO_SEM
 0000:1E7C       _MINISO_SYSTEMCALL
 037F:1561       _MINISO_THREAD
 0000:1EF5       _MK_FP
 0000:15EE idle  _PRODUTOR
 0000:162E       _PUTCH
 0000:164E       _PUTSTR
 0000:166D       _PUTSTRXY
 0000:1D63       _REBOOT
 0000:1E6E       _RESUME
 0000:2027       _SCALL
 0000:21E7 idle  _SC_CLRSCR
 0000:2EAA idle  _SC_EXIT
 0000:25FF idle  _SC_FORK
 0000:2197 idle  _SC_GETCH
 0000:2209 idle  _SC_GETCOLOR
 0000:226F idle  _SC_GETDATE
 0000:312F idle  _SC_GETPID
 0000:3144 idle  _SC_GETPPID
 0000:231F idle  _SC_GETTIME
 0000:2241 idle  _SC_GOTOXY
 0000:285B idle  _SC_KILL
 0000:2101 idle  _SC_PUTCH
 0000:25DF idle  _SC_REBOOT
 0000:3762 idle  _SC_RESUME
 0000:338F idle  _SC_SEMCREATE
 0000:3686 idle  _SC_SEMDESTROY
 0000:3540 idle  _SC_SEMDOWN
 0000:341A idle  _SC_SEMSET
 0000:3453 idle  _SC_SEMUP
 0000:3159 idle  _SC_SENDSIGNAL
 0000:2214 idle  _SC_SETCOLOR
 0000:36BE idle  _SC_STOP
 0000:2D2A idle  _SC_WAIT
 0000:2B57 idle  _SC_WAITPID
 0000:3259 idle  _SC_WAITSIGNAL
 0000:2223 idle  _SC_WHEREX
 0000:2230 idle  _SC_WHEREY
 0000:1E17       _SEMCREATE
 0000:1E52       _SEMDESTROY
 0000:1E44       _SEMDOWN
 037F:0F46 idle  _SEMID
 0000:1E25 idle  _SEMSET
 0000:1E36       _SEMUP
 0000:1387 idle  _SEM_APLIC
 0000:1DFA idle  _SENDSIGNAL
 0000:16C8       _SETCOLOR
 0000:1EAD       _SETVECT
 0000:1E60       _STOP
 0000:186B       _STRCMP
 0000:173F       _STRCPY
 0000:18AD       _STRLEN
 0000:181F idle  _STRLWR
 0000:1781 idle  _STRNCPY
 0000:17D3 idle  _STRUPR
 0000:1A65 idle  _UNSIGNEDLONGTOSTR
 0000:1985       _UNSIGNEDTOSTR
 0000:1C1F idle  _UNSIGNEDTOSTRHEXA
 0000:1D8B       _WAIT
 0000:1DB0       _WAITPID
 0000:1E0B idle  _WAITSIGNAL
 0000:16D4       _WHEREX
 0000:16DF       _WHEREY

  Address         Publics by Value

 0000:0000 idle  _MAIN
 0000:00C3       _COMMAND
 0000:0885 idle  _CMD_REBOOT
 0000:089B idle  _CMD_EXIT
 0000:08B0 idle  _CMD_HELP
 0000:0908 idle  _CMD_DATE
 0000:09A3 idle  _CMD_TIME
 0000:0A43 idle  _CMD_CLS
 0000:0A59 idle  _CMD_VER
 0000:0A88 idle  _CMD_PS
 0000:0D2E idle  _CMD_KILL
 0000:0D76 idle  _CMD_SET
 0000:0E0F idle  _CMD_UNSET
 0000:0E4F idle  _CMD_ECHO
 0000:10A7 idle  _CMD_DEMO
 0000:10FB idle  _CMD_WAITPID
 0000:118A idle  _CMD_WAIT
 0000:1202 idle  _CMD_SEMLS
 0000:12F8 idle  _CMD_SEMCREATE
 0000:1387 idle  _SEM_APLIC
 0000:1490 idle  _CMD_SEMTEST
 0000:14E4 idle  _CMD_SEMUP
 0000:151D idle  _CMD_SEMDESTROY
 0000:1556 idle  _CMD_STOP
 0000:15A2 idle  _CMD_RESUME
 0000:15EE idle  _PRODUTOR
 0000:15FD idle  _CMD_PRODCONS
 0000:162E       _PUTCH
 0000:163A       _GETCH
 0000:1645       _CLRSCR
 0000:164E       _PUTSTR
 0000:166D       _PUTSTRXY
 0000:16BD       _GETCOLOR
 0000:16C8       _SETCOLOR
 0000:16D4       _WHEREX
 0000:16DF       _WHEREY
 0000:16EA       _GOTOXY
 0000:16F9       _GETDATE
 0000:171C       _GETTIME
 0000:173F       _STRCPY
 0000:1781 idle  _STRNCPY
 0000:17D3 idle  _STRUPR
 0000:181F idle  _STRLWR
 0000:186B       _STRCMP
 0000:18AD       _STRLEN
 0000:18C7 idle  _ISDIGIT
 0000:18E4 idle  _ISALPHA
 0000:190B       _ATOI
 0000:1985       _UNSIGNEDTOSTR
 0000:1A65 idle  _UNSIGNEDLONGTOSTR
 0000:1C1F idle  _UNSIGNEDTOSTRHEXA
 0000:1C9F       _INTTOSTR
 0000:1D63       _REBOOT
 0000:1D6C       _FORK
 0000:1D7D       _KILL
 0000:1D8B       _WAIT
 0000:1DB0       _WAITPID
 0000:1DD8       _EXIT
 0000:1DE4       _GETPID
 0000:1DEF idle  _GETPPID
 0000:1DFA idle  _SENDSIGNAL
 0000:1E0B idle  _WAITSIGNAL
 0000:1E17       _SEMCREATE
 0000:1E25 idle  _SEMSET
 0000:1E36       _SEMUP
 0000:1E44       _SEMDOWN
 0000:1E52       _SEMDESTROY
 0000:1E60       _STOP
 0000:1E6E       _RESUME
 0000:1E7C       _MINISO_SYSTEMCALL
 0000:1E8C       _MINISO_CLOCKHANDLER
 0000:1E9D       _MINISO_RETURN_ADDR
 0000:1EAD       _SETVECT
 0000:1ED4       _GETVECT
 0000:1EF1       _ENABLE
 0000:1EF3       _DISABLE
 0000:1EF5       _MK_FP
 0000:1F00       _FP_SEG
 0000:1F08       _FP_OFF
 0000:1F10       _INIT_DS
 0000:1F1A       _INIT_STACK
 0000:1F35       N_LXMUL@
 0000:1F3E idle  LXMUL@
 0000:1F55 idle  N_LDIV@
 0000:1F58 idle  LDIV@
 0000:1F5D       N_LUDIV@
 0000:1F60 idle  LUDIV@
 0000:1F66 idle  N_LMOD@
 0000:1F69 idle  LMOD@
 0000:1F6F       N_LUMOD@
 0000:1F72 idle  LUMOD@
 0000:2006 idle  N_LXLSH@
 0000:2009 idle  LXLSH@
 0000:2027       _SCALL
 0000:2101 idle  _SC_PUTCH
 0000:2197 idle  _SC_GETCH
 0000:21E7 idle  _SC_CLRSCR
 0000:2209 idle  _SC_GETCOLOR
 0000:2214 idle  _SC_SETCOLOR
 0000:2223 idle  _SC_WHEREX
 0000:2230 idle  _SC_WHEREY
 0000:2241 idle  _SC_GOTOXY
 0000:226F idle  _SC_GETDATE
 0000:231F idle  _SC_GETTIME
 0000:23B8       _MINISO_CONTEXTSWITCH
 0000:24E3 idle  _MINISO_INIT_SEMTABLE
 0000:24FE       _MINISO_INIT_PROCTABLE
 0000:25DF idle  _SC_REBOOT
 0000:25FF idle  _SC_FORK
 0000:285B idle  _SC_KILL
 0000:2B57 idle  _SC_WAITPID
 0000:2D2A idle  _SC_WAIT
 0000:2EAA idle  _SC_EXIT
 0000:312F idle  _SC_GETPID
 0000:3144 idle  _SC_GETPPID
 0000:3159 idle  _SC_SENDSIGNAL
 0000:3259 idle  _SC_WAITSIGNAL
 0000:338F idle  _SC_SEMCREATE
 0000:341A idle  _SC_SEMSET
 0000:3453 idle  _SC_SEMUP
 0000:3540 idle  _SC_SEMDOWN
 0000:3686 idle  _SC_SEMDESTROY
 0000:36BE idle  _SC_STOP
 0000:3762 idle  _SC_RESUME
 037F:0D25 idle  _MINISO_READY
 037F:0D27 idle  _MINISO_FREE
 037F:0D29 idle  _MINISO_SCALL_TABLE
 037F:0F46 idle  _SEMID
 037F:155A       _MINISO_OLDISR
 037F:155E idle  _MINISO_NEXTTHREAD
 037F:1560 idle  _MINISO_DELCURTHREAD
 037F:1561       _MINISO_THREAD
 037F:1701       _MINISO_SEM

Program entry point at 0000:0000
Warning: No stack

