
 Start  Stop   Length Name               Class

 00000H 038F1H 038F2H _TEXT              CODE
 038F2H 048A6H 00FB5H _DATA              DATA
 048A8H 050EEH 00847H _BSS               BSS


Detailed map of segments

 0000:0000 00C3 C=CODE   S=_TEXT          G=(none)  M=INIT.C     ACBP=28
 0000:00C3 166E C=CODE   S=_TEXT          G=(none)  M=COMMAND.C  ACBP=28
 0000:1731 084E C=CODE   S=_TEXT          G=(none)  M=LIB.C      ACBP=28
 0000:1F7F 01AB C=CODE   S=_TEXT          G=(none)  M=MINISO.ASM ACBP=28
 0000:212A 17C8 C=CODE   S=_TEXT          G=(none)  M=SCALL.C    ACBP=28
 038F:0002 004E C=DATA   S=_DATA          G=DGROUP  M=INIT.C     ACBP=48
 038F:0050 0D51 C=DATA   S=_DATA          G=DGROUP  M=COMMAND.C  ACBP=48
 038F:0DA2 0000 C=DATA   S=_DATA          G=DGROUP  M=LIB.C      ACBP=48
 038F:0DA2 0002 C=DATA   S=_DATA          G=DGROUP  M=MINISO.ASM ACBP=48
 038F:0DA4 0213 C=DATA   S=_DATA          G=DGROUP  M=SCALL.C    ACBP=48
 038F:0FB8 0000 C=BSS    S=_BSS           G=DGROUP  M=INIT.C     ACBP=48
 038F:0FB8 064F C=BSS    S=_BSS           G=DGROUP  M=COMMAND.C  ACBP=48
 038F:1608 0000 C=BSS    S=_BSS           G=DGROUP  M=LIB.C      ACBP=48
 038F:1608 01F7 C=BSS    S=_BSS           G=DGROUP  M=SCALL.C    ACBP=48

  Address         Publics by Name

 0000:205B idle  LDIV@
 0000:206C idle  LMOD@
 0000:2063 idle  LUDIV@
 0000:2075 idle  LUMOD@
 0000:210C idle  LXLSH@
 0000:2041 idle  LXMUL@
 0000:2058 idle  N_LDIV@
 0000:2069 idle  N_LMOD@
 0000:2060       N_LUDIV@
 0000:2072       N_LUMOD@
 0000:2109 idle  N_LXLSH@
 0000:2038       N_LXMUL@
 0000:1A0E       _ATOI
 0000:1650 idle  _AVANCA
 0000:1748       _CLRSCR
 0000:0A43 idle  _CMD_CLS
 0000:0908 idle  _CMD_DATE
 0000:10A7 idle  _CMD_DEMO
 0000:0E4F idle  _CMD_ECHO
 0000:089B idle  _CMD_EXIT
 0000:08B0 idle  _CMD_HELP
 0000:0D2E idle  _CMD_KILL
 0000:16D6 idle  _CMD_PRODCONS
 0000:0A88 idle  _CMD_PS
 0000:0885 idle  _CMD_REBOOT
 0000:15A2 idle  _CMD_RESUME
 0000:12F8 idle  _CMD_SEMCREATE
 0000:151D idle  _CMD_SEMDESTROY
 0000:1202 idle  _CMD_SEMLS
 0000:1490 idle  _CMD_SEMTEST
 0000:14E4 idle  _CMD_SEMUP
 0000:0D76 idle  _CMD_SET
 0000:1556 idle  _CMD_STOP
 0000:09A3 idle  _CMD_TIME
 0000:0E0F idle  _CMD_UNSET
 0000:0A59 idle  _CMD_VER
 0000:118A idle  _CMD_WAIT
 0000:10FB idle  _CMD_WAITPID
 0000:00C3       _COMMAND
 0000:16C7 idle  _CONSUMIDOR
 0000:1FF6       _DISABLE
 0000:1FF4       _ENABLE
 0000:1EDB       _EXIT
 0000:1E6F       _FORK
 0000:200B       _FP_OFF
 0000:2003       _FP_SEG
 0000:173D       _GETCH
 0000:17C0       _GETCOLOR
 0000:17FC       _GETDATE
 0000:1EE7       _GETPID
 0000:1EF2 idle  _GETPPID
 0000:181F       _GETTIME
 0000:1FD7       _GETVECT
 0000:17ED       _GOTOXY
 0000:15EE idle  _IMPRIMELISTA
 0000:1636 idle  _INICIALIZALISTA
 0000:2013       _INIT_DS
 0000:201D       _INIT_STACK
 0000:1DA2       _INTTOSTR
 0000:19E7 idle  _ISALPHA
 0000:19CA idle  _ISDIGIT
 0000:1E80       _KILL
 0000:0000 idle  _MAIN
 0000:1F8F       _MINISO_CLOCKHANDLER
 0000:24BB       _MINISO_CONTEXTSWITCH
 038F:160E idle  _MINISO_DELCURTHREAD
 038F:0DAD idle  _MINISO_FREE
 0000:2601       _MINISO_INIT_PROCTABLE
 0000:25E6 idle  _MINISO_INIT_SEMTABLE
 038F:160C idle  _MINISO_NEXTTHREAD
 038F:1608       _MINISO_OLDISR
 038F:0DAB idle  _MINISO_READY
 0000:1FA0       _MINISO_RETURN_ADDR
 038F:0DAF idle  _MINISO_SCALL_TABLE
 038F:17AF       _MINISO_SEM
 0000:1F7F       _MINISO_SYSTEMCALL
 038F:160F       _MINISO_THREAD
 0000:1FF8       _MK_FP
 0000:1691 idle  _PRODUTOR
 0000:166B idle  _PRODUZ
 0000:1731       _PUTCH
 0000:1751       _PUTSTR
 0000:1770       _PUTSTRXY
 0000:1E66       _REBOOT
 0000:1F71       _RESUME
 0000:212A       _SCALL
 0000:22EA idle  _SC_CLRSCR
 0000:2FAD idle  _SC_EXIT
 0000:2702 idle  _SC_FORK
 0000:229A idle  _SC_GETCH
 0000:230C idle  _SC_GETCOLOR
 0000:2372 idle  _SC_GETDATE
 0000:3232 idle  _SC_GETPID
 0000:3247 idle  _SC_GETPPID
 0000:2422 idle  _SC_GETTIME
 0000:2344 idle  _SC_GOTOXY
 0000:295E idle  _SC_KILL
 0000:2204 idle  _SC_PUTCH
 0000:26E2 idle  _SC_REBOOT
 0000:3865 idle  _SC_RESUME
 0000:3492 idle  _SC_SEMCREATE
 0000:3789 idle  _SC_SEMDESTROY
 0000:3643 idle  _SC_SEMDOWN
 0000:351D idle  _SC_SEMSET
 0000:3556 idle  _SC_SEMUP
 0000:325C idle  _SC_SENDSIGNAL
 0000:2317 idle  _SC_SETCOLOR
 0000:37C1 idle  _SC_STOP
 0000:2E2D idle  _SC_WAIT
 0000:2C5A idle  _SC_WAITPID
 0000:335C idle  _SC_WAITSIGNAL
 0000:2326 idle  _SC_WHEREX
 0000:2333 idle  _SC_WHEREY
 0000:1F1A       _SEMCREATE
 0000:1F55       _SEMDESTROY
 0000:1F47       _SEMDOWN
 038F:0FF4 idle  _SEMID
 0000:1F28 idle  _SEMSET
 0000:1F39       _SEMUP
 0000:1387 idle  _SEM_APLIC
 0000:1EFD idle  _SENDSIGNAL
 0000:17CB       _SETCOLOR
 0000:1FB0       _SETVECT
 0000:1F63       _STOP
 0000:196E       _STRCMP
 0000:1842       _STRCPY
 0000:19B0       _STRLEN
 0000:1922 idle  _STRLWR
 0000:1884 idle  _STRNCPY
 0000:18D6 idle  _STRUPR
 0000:1B68 idle  _UNSIGNEDLONGTOSTR
 0000:1A88       _UNSIGNEDTOSTR
 0000:1D22 idle  _UNSIGNEDTOSTRHEXA
 0000:1E8E       _WAIT
 0000:1EB3       _WAITPID
 0000:1F0E idle  _WAITSIGNAL
 0000:17D7       _WHEREX
 0000:17E2       _WHEREY

  Address         Publics by Value

 0000:0000 idle  _MAIN
 0000:00C3       _COMMAND
 0000:0885 idle  _CMD_REBOOT
 0000:089B idle  _CMD_EXIT
 0000:08B0 idle  _CMD_HELP
 0000:0908 idle  _CMD_DATE
 0000:09A3 idle  _CMD_TIME
 0000:0A43 idle  _CMD_CLS
 0000:0A59 idle  _CMD_VER
 0000:0A88 idle  _CMD_PS
 0000:0D2E idle  _CMD_KILL
 0000:0D76 idle  _CMD_SET
 0000:0E0F idle  _CMD_UNSET
 0000:0E4F idle  _CMD_ECHO
 0000:10A7 idle  _CMD_DEMO
 0000:10FB idle  _CMD_WAITPID
 0000:118A idle  _CMD_WAIT
 0000:1202 idle  _CMD_SEMLS
 0000:12F8 idle  _CMD_SEMCREATE
 0000:1387 idle  _SEM_APLIC
 0000:1490 idle  _CMD_SEMTEST
 0000:14E4 idle  _CMD_SEMUP
 0000:151D idle  _CMD_SEMDESTROY
 0000:1556 idle  _CMD_STOP
 0000:15A2 idle  _CMD_RESUME
 0000:15EE idle  _IMPRIMELISTA
 0000:1636 idle  _INICIALIZALISTA
 0000:1650 idle  _AVANCA
 0000:166B idle  _PRODUZ
 0000:1691 idle  _PRODUTOR
 0000:16C7 idle  _CONSUMIDOR
 0000:16D6 idle  _CMD_PRODCONS
 0000:1731       _PUTCH
 0000:173D       _GETCH
 0000:1748       _CLRSCR
 0000:1751       _PUTSTR
 0000:1770       _PUTSTRXY
 0000:17C0       _GETCOLOR
 0000:17CB       _SETCOLOR
 0000:17D7       _WHEREX
 0000:17E2       _WHEREY
 0000:17ED       _GOTOXY
 0000:17FC       _GETDATE
 0000:181F       _GETTIME
 0000:1842       _STRCPY
 0000:1884 idle  _STRNCPY
 0000:18D6 idle  _STRUPR
 0000:1922 idle  _STRLWR
 0000:196E       _STRCMP
 0000:19B0       _STRLEN
 0000:19CA idle  _ISDIGIT
 0000:19E7 idle  _ISALPHA
 0000:1A0E       _ATOI
 0000:1A88       _UNSIGNEDTOSTR
 0000:1B68 idle  _UNSIGNEDLONGTOSTR
 0000:1D22 idle  _UNSIGNEDTOSTRHEXA
 0000:1DA2       _INTTOSTR
 0000:1E66       _REBOOT
 0000:1E6F       _FORK
 0000:1E80       _KILL
 0000:1E8E       _WAIT
 0000:1EB3       _WAITPID
 0000:1EDB       _EXIT
 0000:1EE7       _GETPID
 0000:1EF2 idle  _GETPPID
 0000:1EFD idle  _SENDSIGNAL
 0000:1F0E idle  _WAITSIGNAL
 0000:1F1A       _SEMCREATE
 0000:1F28 idle  _SEMSET
 0000:1F39       _SEMUP
 0000:1F47       _SEMDOWN
 0000:1F55       _SEMDESTROY
 0000:1F63       _STOP
 0000:1F71       _RESUME
 0000:1F7F       _MINISO_SYSTEMCALL
 0000:1F8F       _MINISO_CLOCKHANDLER
 0000:1FA0       _MINISO_RETURN_ADDR
 0000:1FB0       _SETVECT
 0000:1FD7       _GETVECT
 0000:1FF4       _ENABLE
 0000:1FF6       _DISABLE
 0000:1FF8       _MK_FP
 0000:2003       _FP_SEG
 0000:200B       _FP_OFF
 0000:2013       _INIT_DS
 0000:201D       _INIT_STACK
 0000:2038       N_LXMUL@
 0000:2041 idle  LXMUL@
 0000:2058 idle  N_LDIV@
 0000:205B idle  LDIV@
 0000:2060       N_LUDIV@
 0000:2063 idle  LUDIV@
 0000:2069 idle  N_LMOD@
 0000:206C idle  LMOD@
 0000:2072       N_LUMOD@
 0000:2075 idle  LUMOD@
 0000:2109 idle  N_LXLSH@
 0000:210C idle  LXLSH@
 0000:212A       _SCALL
 0000:2204 idle  _SC_PUTCH
 0000:229A idle  _SC_GETCH
 0000:22EA idle  _SC_CLRSCR
 0000:230C idle  _SC_GETCOLOR
 0000:2317 idle  _SC_SETCOLOR
 0000:2326 idle  _SC_WHEREX
 0000:2333 idle  _SC_WHEREY
 0000:2344 idle  _SC_GOTOXY
 0000:2372 idle  _SC_GETDATE
 0000:2422 idle  _SC_GETTIME
 0000:24BB       _MINISO_CONTEXTSWITCH
 0000:25E6 idle  _MINISO_INIT_SEMTABLE
 0000:2601       _MINISO_INIT_PROCTABLE
 0000:26E2 idle  _SC_REBOOT
 0000:2702 idle  _SC_FORK
 0000:295E idle  _SC_KILL
 0000:2C5A idle  _SC_WAITPID
 0000:2E2D idle  _SC_WAIT
 0000:2FAD idle  _SC_EXIT
 0000:3232 idle  _SC_GETPID
 0000:3247 idle  _SC_GETPPID
 0000:325C idle  _SC_SENDSIGNAL
 0000:335C idle  _SC_WAITSIGNAL
 0000:3492 idle  _SC_SEMCREATE
 0000:351D idle  _SC_SEMSET
 0000:3556 idle  _SC_SEMUP
 0000:3643 idle  _SC_SEMDOWN
 0000:3789 idle  _SC_SEMDESTROY
 0000:37C1 idle  _SC_STOP
 0000:3865 idle  _SC_RESUME
 038F:0DAB idle  _MINISO_READY
 038F:0DAD idle  _MINISO_FREE
 038F:0DAF idle  _MINISO_SCALL_TABLE
 038F:0FF4 idle  _SEMID
 038F:1608       _MINISO_OLDISR
 038F:160C idle  _MINISO_NEXTTHREAD
 038F:160E idle  _MINISO_DELCURTHREAD
 038F:160F       _MINISO_THREAD
 038F:17AF       _MINISO_SEM

Program entry point at 0000:0000
Warning: No stack

