
 Start  Stop   Length Name               Class

 00000H 03B90H 03B91H _TEXT              CODE
 03B92H 04C6EH 010DDH _DATA              DATA
 04C70H 054C0H 00851H _BSS               BSS


Detailed map of segments

 0000:0000 00C3 C=CODE   S=_TEXT          G=(none)  M=INIT.C     ACBP=28
 0000:00C3 188F C=CODE   S=_TEXT          G=(none)  M=COMMAND.C  ACBP=28
 0000:1952 08CC C=CODE   S=_TEXT          G=(none)  M=LIB.C      ACBP=28
 0000:221E 01AB C=CODE   S=_TEXT          G=(none)  M=MINISO.ASM ACBP=28
 0000:23C9 17C8 C=CODE   S=_TEXT          G=(none)  M=SCALL.C    ACBP=28
 03B9:0002 004E C=DATA   S=_DATA          G=DGROUP  M=INIT.C     ACBP=48
 03B9:0050 0E7A C=DATA   S=_DATA          G=DGROUP  M=COMMAND.C  ACBP=48
 03B9:0ECA 0000 C=DATA   S=_DATA          G=DGROUP  M=LIB.C      ACBP=48
 03B9:0ECA 0002 C=DATA   S=_DATA          G=DGROUP  M=MINISO.ASM ACBP=48
 03B9:0ECC 0213 C=DATA   S=_DATA          G=DGROUP  M=SCALL.C    ACBP=48
 03B9:10E0 0000 C=BSS    S=_BSS           G=DGROUP  M=INIT.C     ACBP=48
 03B9:10E0 0659 C=BSS    S=_BSS           G=DGROUP  M=COMMAND.C  ACBP=48
 03B9:173A 0000 C=BSS    S=_BSS           G=DGROUP  M=LIB.C      ACBP=48
 03B9:173A 01F7 C=BSS    S=_BSS           G=DGROUP  M=SCALL.C    ACBP=48

  Address         Publics by Name

 0000:22FA idle  LDIV@
 0000:230B idle  LMOD@
 0000:2302 idle  LUDIV@
 0000:2314 idle  LUMOD@
 0000:23AB idle  LXLSH@
 0000:22E0 idle  LXMUL@
 0000:22F7 idle  N_LDIV@
 0000:2308 idle  N_LMOD@
 0000:22FF       N_LUDIV@
 0000:2311       N_LUMOD@
 0000:23A8 idle  N_LXLSH@
 0000:22D7       N_LXMUL@
 0000:1C2F       _ATOI
 0000:1790 idle  _AVANCA
 0000:1969       _CLRSCR
 0000:0A43 idle  _CMD_CLS
 0000:0908 idle  _CMD_DATE
 0000:10A7 idle  _CMD_DEMO
 0000:0E4F idle  _CMD_ECHO
 0000:089B idle  _CMD_EXIT
 0000:08B0 idle  _CMD_HELP
 0000:0D2E idle  _CMD_KILL
 0000:18B7 idle  _CMD_PRODCONS
 0000:0A88 idle  _CMD_PS
 0000:0885 idle  _CMD_REBOOT
 0000:15A2 idle  _CMD_RESUME
 0000:12F8 idle  _CMD_SEMCREATE
 0000:151D idle  _CMD_SEMDESTROY
 0000:1202 idle  _CMD_SEMLS
 0000:1490 idle  _CMD_SEMTEST
 0000:14E4 idle  _CMD_SEMUP
 0000:0D76 idle  _CMD_SET
 0000:1556 idle  _CMD_STOP
 0000:188C idle  _CMD_TCONS
 0000:09A3 idle  _CMD_TIME
 0000:1861 idle  _CMD_TPROD
 0000:0E0F idle  _CMD_UNSET
 0000:0A59 idle  _CMD_VER
 0000:118A idle  _CMD_WAIT
 0000:10FB idle  _CMD_WAITPID
 0000:00C3       _COMMAND
 0000:17CC idle  _CONSOME
 0000:1827 idle  _CONSUMIDOR
 0000:2295       _DISABLE
 0000:2293       _ENABLE
 0000:20FC       _EXIT
 0000:2090       _FORK
 0000:22AA       _FP_OFF
 0000:22A2       _FP_SEG
 0000:195E       _GETCH
 0000:19E1       _GETCOLOR
 0000:1A1D       _GETDATE
 0000:2108       _GETPID
 0000:2113 idle  _GETPPID
 0000:1A40       _GETTIME
 0000:2276       _GETVECT
 0000:1A0E       _GOTOXY
 0000:22B2       _INIT_DS
 0000:22BC       _INIT_STACK
 0000:1FC3       _INTTOSTR
 0000:1C08 idle  _ISALPHA
 0000:1BEB idle  _ISDIGIT
 0000:20A1       _KILL
 0000:0000 idle  _MAIN
 0000:21A0       _MINISLEEP
 0000:222E       _MINISO_CLOCKHANDLER
 0000:275A       _MINISO_CONTEXTSWITCH
 03B9:1740 idle  _MINISO_DELCURTHREAD
 03B9:0ED5 idle  _MINISO_FREE
 0000:28A0       _MINISO_INIT_PROCTABLE
 0000:2885 idle  _MINISO_INIT_SEMTABLE
 03B9:173E idle  _MINISO_NEXTTHREAD
 03B9:173A       _MINISO_OLDISR
 03B9:0ED3 idle  _MINISO_READY
 0000:223F       _MINISO_RETURN_ADDR
 03B9:0ED7 idle  _MINISO_SCALL_TABLE
 03B9:18E1       _MINISO_SEM
 0000:221E       _MINISO_SYSTEMCALL
 03B9:1741       _MINISO_THREAD
 0000:2297       _MK_FP
 0000:1641 idle  _PRINT_BUFFER
 0000:15EE idle  _PRINT_BUFFER_CONTENT
 0000:17ED idle  _PRODUTOR
 0000:17AB idle  _PRODUZ
 0000:1952       _PUTCH
 0000:1972       _PUTSTR
 0000:1991       _PUTSTRXY
 0000:2087       _REBOOT
 0000:2192       _RESUME
 0000:23C9       _SCALL
 0000:2589 idle  _SC_CLRSCR
 0000:324C idle  _SC_EXIT
 0000:29A1 idle  _SC_FORK
 0000:2539 idle  _SC_GETCH
 0000:25AB idle  _SC_GETCOLOR
 0000:2611 idle  _SC_GETDATE
 0000:34D1 idle  _SC_GETPID
 0000:34E6 idle  _SC_GETPPID
 0000:26C1 idle  _SC_GETTIME
 0000:25E3 idle  _SC_GOTOXY
 0000:2BFD idle  _SC_KILL
 0000:24A3 idle  _SC_PUTCH
 0000:2981 idle  _SC_REBOOT
 0000:3B04 idle  _SC_RESUME
 0000:3731 idle  _SC_SEMCREATE
 0000:3A28 idle  _SC_SEMDESTROY
 0000:38E2 idle  _SC_SEMDOWN
 0000:37BC idle  _SC_SEMSET
 0000:37F5 idle  _SC_SEMUP
 0000:34FB idle  _SC_SENDSIGNAL
 0000:25B6 idle  _SC_SETCOLOR
 0000:3A60 idle  _SC_STOP
 0000:30CC idle  _SC_WAIT
 0000:2EF9 idle  _SC_WAITPID
 0000:35FB idle  _SC_WAITSIGNAL
 0000:25C5 idle  _SC_WHEREX
 0000:25D2 idle  _SC_WHEREY
 0000:213B       _SEMCREATE
 0000:2176       _SEMDESTROY
 0000:2168       _SEMDOWN
 03B9:1126 idle  _SEMID
 0000:2149 idle  _SEMSET
 0000:215A       _SEMUP
 0000:1387 idle  _SEM_APLIC
 0000:211E idle  _SENDSIGNAL
 0000:19EC       _SETCOLOR
 0000:224F       _SETVECT
 0000:21CD       _SLEEP
 0000:1776 idle  _START_BUFFER
 0000:2184       _STOP
 0000:1B8F       _STRCMP
 0000:1A63       _STRCPY
 0000:1BD1       _STRLEN
 0000:1B43 idle  _STRLWR
 0000:1AA5 idle  _STRNCPY
 0000:1AF7 idle  _STRUPR
 0000:1D89 idle  _UNSIGNEDLONGTOSTR
 0000:1CA9       _UNSIGNEDTOSTR
 0000:1F43 idle  _UNSIGNEDTOSTRHEXA
 0000:20AF       _WAIT
 0000:20D4       _WAITPID
 0000:212F idle  _WAITSIGNAL
 0000:19F8       _WHEREX
 0000:1A03       _WHEREY

  Address         Publics by Value

 0000:0000 idle  _MAIN
 0000:00C3       _COMMAND
 0000:0885 idle  _CMD_REBOOT
 0000:089B idle  _CMD_EXIT
 0000:08B0 idle  _CMD_HELP
 0000:0908 idle  _CMD_DATE
 0000:09A3 idle  _CMD_TIME
 0000:0A43 idle  _CMD_CLS
 0000:0A59 idle  _CMD_VER
 0000:0A88 idle  _CMD_PS
 0000:0D2E idle  _CMD_KILL
 0000:0D76 idle  _CMD_SET
 0000:0E0F idle  _CMD_UNSET
 0000:0E4F idle  _CMD_ECHO
 0000:10A7 idle  _CMD_DEMO
 0000:10FB idle  _CMD_WAITPID
 0000:118A idle  _CMD_WAIT
 0000:1202 idle  _CMD_SEMLS
 0000:12F8 idle  _CMD_SEMCREATE
 0000:1387 idle  _SEM_APLIC
 0000:1490 idle  _CMD_SEMTEST
 0000:14E4 idle  _CMD_SEMUP
 0000:151D idle  _CMD_SEMDESTROY
 0000:1556 idle  _CMD_STOP
 0000:15A2 idle  _CMD_RESUME
 0000:15EE idle  _PRINT_BUFFER_CONTENT
 0000:1641 idle  _PRINT_BUFFER
 0000:1776 idle  _START_BUFFER
 0000:1790 idle  _AVANCA
 0000:17AB idle  _PRODUZ
 0000:17CC idle  _CONSOME
 0000:17ED idle  _PRODUTOR
 0000:1827 idle  _CONSUMIDOR
 0000:1861 idle  _CMD_TPROD
 0000:188C idle  _CMD_TCONS
 0000:18B7 idle  _CMD_PRODCONS
 0000:1952       _PUTCH
 0000:195E       _GETCH
 0000:1969       _CLRSCR
 0000:1972       _PUTSTR
 0000:1991       _PUTSTRXY
 0000:19E1       _GETCOLOR
 0000:19EC       _SETCOLOR
 0000:19F8       _WHEREX
 0000:1A03       _WHEREY
 0000:1A0E       _GOTOXY
 0000:1A1D       _GETDATE
 0000:1A40       _GETTIME
 0000:1A63       _STRCPY
 0000:1AA5 idle  _STRNCPY
 0000:1AF7 idle  _STRUPR
 0000:1B43 idle  _STRLWR
 0000:1B8F       _STRCMP
 0000:1BD1       _STRLEN
 0000:1BEB idle  _ISDIGIT
 0000:1C08 idle  _ISALPHA
 0000:1C2F       _ATOI
 0000:1CA9       _UNSIGNEDTOSTR
 0000:1D89 idle  _UNSIGNEDLONGTOSTR
 0000:1F43 idle  _UNSIGNEDTOSTRHEXA
 0000:1FC3       _INTTOSTR
 0000:2087       _REBOOT
 0000:2090       _FORK
 0000:20A1       _KILL
 0000:20AF       _WAIT
 0000:20D4       _WAITPID
 0000:20FC       _EXIT
 0000:2108       _GETPID
 0000:2113 idle  _GETPPID
 0000:211E idle  _SENDSIGNAL
 0000:212F idle  _WAITSIGNAL
 0000:213B       _SEMCREATE
 0000:2149 idle  _SEMSET
 0000:215A       _SEMUP
 0000:2168       _SEMDOWN
 0000:2176       _SEMDESTROY
 0000:2184       _STOP
 0000:2192       _RESUME
 0000:21A0       _MINISLEEP
 0000:21CD       _SLEEP
 0000:221E       _MINISO_SYSTEMCALL
 0000:222E       _MINISO_CLOCKHANDLER
 0000:223F       _MINISO_RETURN_ADDR
 0000:224F       _SETVECT
 0000:2276       _GETVECT
 0000:2293       _ENABLE
 0000:2295       _DISABLE
 0000:2297       _MK_FP
 0000:22A2       _FP_SEG
 0000:22AA       _FP_OFF
 0000:22B2       _INIT_DS
 0000:22BC       _INIT_STACK
 0000:22D7       N_LXMUL@
 0000:22E0 idle  LXMUL@
 0000:22F7 idle  N_LDIV@
 0000:22FA idle  LDIV@
 0000:22FF       N_LUDIV@
 0000:2302 idle  LUDIV@
 0000:2308 idle  N_LMOD@
 0000:230B idle  LMOD@
 0000:2311       N_LUMOD@
 0000:2314 idle  LUMOD@
 0000:23A8 idle  N_LXLSH@
 0000:23AB idle  LXLSH@
 0000:23C9       _SCALL
 0000:24A3 idle  _SC_PUTCH
 0000:2539 idle  _SC_GETCH
 0000:2589 idle  _SC_CLRSCR
 0000:25AB idle  _SC_GETCOLOR
 0000:25B6 idle  _SC_SETCOLOR
 0000:25C5 idle  _SC_WHEREX
 0000:25D2 idle  _SC_WHEREY
 0000:25E3 idle  _SC_GOTOXY
 0000:2611 idle  _SC_GETDATE
 0000:26C1 idle  _SC_GETTIME
 0000:275A       _MINISO_CONTEXTSWITCH
 0000:2885 idle  _MINISO_INIT_SEMTABLE
 0000:28A0       _MINISO_INIT_PROCTABLE
 0000:2981 idle  _SC_REBOOT
 0000:29A1 idle  _SC_FORK
 0000:2BFD idle  _SC_KILL
 0000:2EF9 idle  _SC_WAITPID
 0000:30CC idle  _SC_WAIT
 0000:324C idle  _SC_EXIT
 0000:34D1 idle  _SC_GETPID
 0000:34E6 idle  _SC_GETPPID
 0000:34FB idle  _SC_SENDSIGNAL
 0000:35FB idle  _SC_WAITSIGNAL
 0000:3731 idle  _SC_SEMCREATE
 0000:37BC idle  _SC_SEMSET
 0000:37F5 idle  _SC_SEMUP
 0000:38E2 idle  _SC_SEMDOWN
 0000:3A28 idle  _SC_SEMDESTROY
 0000:3A60 idle  _SC_STOP
 0000:3B04 idle  _SC_RESUME
 03B9:0ED3 idle  _MINISO_READY
 03B9:0ED5 idle  _MINISO_FREE
 03B9:0ED7 idle  _MINISO_SCALL_TABLE
 03B9:1126 idle  _SEMID
 03B9:173A       _MINISO_OLDISR
 03B9:173E idle  _MINISO_NEXTTHREAD
 03B9:1740 idle  _MINISO_DELCURTHREAD
 03B9:1741       _MINISO_THREAD
 03B9:18E1       _MINISO_SEM

Program entry point at 0000:0000
Warning: No stack

