
 Start  Stop   Length Name               Class

 00000H 039C8H 039C9H _TEXT              CODE
 039CAH 04954H 00F8BH _DATA              DATA
 04956H 051A2H 0084DH _BSS               BSS


Detailed map of segments

 0000:0000 00C3 C=CODE   S=_TEXT          G=(none)  M=INIT.C     ACBP=28
 0000:00C3 1745 C=CODE   S=_TEXT          G=(none)  M=COMMAND.C  ACBP=28
 0000:1808 084E C=CODE   S=_TEXT          G=(none)  M=LIB.C      ACBP=28
 0000:2056 01AB C=CODE   S=_TEXT          G=(none)  M=MINISO.ASM ACBP=28
 0000:2201 17C8 C=CODE   S=_TEXT          G=(none)  M=SCALL.C    ACBP=28
 039C:000A 004E C=DATA   S=_DATA          G=DGROUP  M=INIT.C     ACBP=48
 039C:0058 0D27 C=DATA   S=_DATA          G=DGROUP  M=COMMAND.C  ACBP=48
 039C:0D80 0000 C=DATA   S=_DATA          G=DGROUP  M=LIB.C      ACBP=48
 039C:0D80 0002 C=DATA   S=_DATA          G=DGROUP  M=MINISO.ASM ACBP=48
 039C:0D82 0213 C=DATA   S=_DATA          G=DGROUP  M=SCALL.C    ACBP=48
 039C:0F96 0000 C=BSS    S=_BSS           G=DGROUP  M=INIT.C     ACBP=48
 039C:0F96 0655 C=BSS    S=_BSS           G=DGROUP  M=COMMAND.C  ACBP=48
 039C:15EC 0000 C=BSS    S=_BSS           G=DGROUP  M=LIB.C      ACBP=48
 039C:15EC 01F7 C=BSS    S=_BSS           G=DGROUP  M=SCALL.C    ACBP=48

  Address         Publics by Name

 0000:2132 idle  LDIV@
 0000:2143 idle  LMOD@
 0000:213A idle  LUDIV@
 0000:214C idle  LUMOD@
 0000:21E3 idle  LXLSH@
 0000:2118 idle  LXMUL@
 0000:212F idle  N_LDIV@
 0000:2140 idle  N_LMOD@
 0000:2137       N_LUDIV@
 0000:2149       N_LUMOD@
 0000:21E0 idle  N_LXLSH@
 0000:210F       N_LXMUL@
 0000:1AE5       _ATOI
 0000:16A6 idle  _AVANCA
 0000:181F       _CLRSCR
 0000:0A43 idle  _CMD_CLS
 0000:0908 idle  _CMD_DATE
 0000:10A7 idle  _CMD_DEMO
 0000:0E4F idle  _CMD_ECHO
 0000:089B idle  _CMD_EXIT
 0000:08B0 idle  _CMD_HELP
 0000:0D2E idle  _CMD_KILL
 0000:178D idle  _CMD_PRODCONS
 0000:0A88 idle  _CMD_PS
 0000:0885 idle  _CMD_REBOOT
 0000:15A2 idle  _CMD_RESUME
 0000:12F8 idle  _CMD_SEMCREATE
 0000:151D idle  _CMD_SEMDESTROY
 0000:1202 idle  _CMD_SEMLS
 0000:1490 idle  _CMD_SEMTEST
 0000:14E4 idle  _CMD_SEMUP
 0000:0D76 idle  _CMD_SET
 0000:1556 idle  _CMD_STOP
 0000:09A3 idle  _CMD_TIME
 0000:0E0F idle  _CMD_UNSET
 0000:0A59 idle  _CMD_VER
 0000:118A idle  _CMD_WAIT
 0000:10FB idle  _CMD_WAITPID
 0000:00C3       _COMMAND
 0000:16F1 idle  _CONSOME
 0000:1757 idle  _CONSUMIDOR
 0000:20CD       _DISABLE
 0000:20CB       _ENABLE
 0000:1FB2       _EXIT
 0000:1F46       _FORK
 0000:20E2       _FP_OFF
 0000:20DA       _FP_SEG
 0000:1814       _GETCH
 0000:1897       _GETCOLOR
 0000:18D3       _GETDATE
 0000:1FBE       _GETPID
 0000:1FC9 idle  _GETPPID
 0000:18F6       _GETTIME
 0000:20AE       _GETVECT
 0000:18C4       _GOTOXY
 0000:1644 idle  _IMPRIMELISTA
 0000:168C idle  _INICIALIZALISTA
 0000:20EA       _INIT_DS
 0000:20F4       _INIT_STACK
 0000:1E79       _INTTOSTR
 0000:1ABE idle  _ISALPHA
 0000:1AA1 idle  _ISDIGIT
 0000:1F57       _KILL
 0000:0000 idle  _MAIN
 0000:2066       _MINISO_CLOCKHANDLER
 0000:2592       _MINISO_CONTEXTSWITCH
 039C:15F2 idle  _MINISO_DELCURTHREAD
 039C:0D8B idle  _MINISO_FREE
 0000:26D8       _MINISO_INIT_PROCTABLE
 0000:26BD idle  _MINISO_INIT_SEMTABLE
 039C:15F0 idle  _MINISO_NEXTTHREAD
 039C:15EC       _MINISO_OLDISR
 039C:0D89 idle  _MINISO_READY
 0000:2077       _MINISO_RETURN_ADDR
 039C:0D8D idle  _MINISO_SCALL_TABLE
 039C:1793       _MINISO_SEM
 0000:2056       _MINISO_SYSTEMCALL
 039C:15F3       _MINISO_THREAD
 0000:20CF       _MK_FP
 0000:1721 idle  _PRODUTOR
 0000:16C1 idle  _PRODUZ
 0000:1808       _PUTCH
 0000:1828       _PUTSTR
 0000:1847       _PUTSTRXY
 0000:1F3D       _REBOOT
 0000:2048       _RESUME
 0000:2201       _SCALL
 0000:23C1 idle  _SC_CLRSCR
 0000:3084 idle  _SC_EXIT
 0000:27D9 idle  _SC_FORK
 0000:2371 idle  _SC_GETCH
 0000:23E3 idle  _SC_GETCOLOR
 0000:2449 idle  _SC_GETDATE
 0000:3309 idle  _SC_GETPID
 0000:331E idle  _SC_GETPPID
 0000:24F9 idle  _SC_GETTIME
 0000:241B idle  _SC_GOTOXY
 0000:2A35 idle  _SC_KILL
 0000:22DB idle  _SC_PUTCH
 0000:27B9 idle  _SC_REBOOT
 0000:393C idle  _SC_RESUME
 0000:3569 idle  _SC_SEMCREATE
 0000:3860 idle  _SC_SEMDESTROY
 0000:371A idle  _SC_SEMDOWN
 0000:35F4 idle  _SC_SEMSET
 0000:362D idle  _SC_SEMUP
 0000:3333 idle  _SC_SENDSIGNAL
 0000:23EE idle  _SC_SETCOLOR
 0000:3898 idle  _SC_STOP
 0000:2F04 idle  _SC_WAIT
 0000:2D31 idle  _SC_WAITPID
 0000:3433 idle  _SC_WAITSIGNAL
 0000:23FD idle  _SC_WHEREX
 0000:240A idle  _SC_WHEREY
 0000:1FF1       _SEMCREATE
 0000:202C       _SEMDESTROY
 0000:201E       _SEMDOWN
 039C:0FD8 idle  _SEMID
 0000:1FFF idle  _SEMSET
 0000:2010       _SEMUP
 0000:1387 idle  _SEM_APLIC
 0000:1FD4 idle  _SENDSIGNAL
 0000:18A2       _SETCOLOR
 0000:2087       _SETVECT
 0000:15EE idle  _SLEEP
 0000:203A       _STOP
 0000:1A45       _STRCMP
 0000:1919       _STRCPY
 0000:1A87       _STRLEN
 0000:19F9 idle  _STRLWR
 0000:195B idle  _STRNCPY
 0000:19AD idle  _STRUPR
 0000:1C3F idle  _UNSIGNEDLONGTOSTR
 0000:1B5F       _UNSIGNEDTOSTR
 0000:1DF9 idle  _UNSIGNEDTOSTRHEXA
 0000:1F65       _WAIT
 0000:1F8A       _WAITPID
 0000:1FE5 idle  _WAITSIGNAL
 0000:18AE       _WHEREX
 0000:18B9       _WHEREY

  Address         Publics by Value

 0000:0000 idle  _MAIN
 0000:00C3       _COMMAND
 0000:0885 idle  _CMD_REBOOT
 0000:089B idle  _CMD_EXIT
 0000:08B0 idle  _CMD_HELP
 0000:0908 idle  _CMD_DATE
 0000:09A3 idle  _CMD_TIME
 0000:0A43 idle  _CMD_CLS
 0000:0A59 idle  _CMD_VER
 0000:0A88 idle  _CMD_PS
 0000:0D2E idle  _CMD_KILL
 0000:0D76 idle  _CMD_SET
 0000:0E0F idle  _CMD_UNSET
 0000:0E4F idle  _CMD_ECHO
 0000:10A7 idle  _CMD_DEMO
 0000:10FB idle  _CMD_WAITPID
 0000:118A idle  _CMD_WAIT
 0000:1202 idle  _CMD_SEMLS
 0000:12F8 idle  _CMD_SEMCREATE
 0000:1387 idle  _SEM_APLIC
 0000:1490 idle  _CMD_SEMTEST
 0000:14E4 idle  _CMD_SEMUP
 0000:151D idle  _CMD_SEMDESTROY
 0000:1556 idle  _CMD_STOP
 0000:15A2 idle  _CMD_RESUME
 0000:15EE idle  _SLEEP
 0000:1644 idle  _IMPRIMELISTA
 0000:168C idle  _INICIALIZALISTA
 0000:16A6 idle  _AVANCA
 0000:16C1 idle  _PRODUZ
 0000:16F1 idle  _CONSOME
 0000:1721 idle  _PRODUTOR
 0000:1757 idle  _CONSUMIDOR
 0000:178D idle  _CMD_PRODCONS
 0000:1808       _PUTCH
 0000:1814       _GETCH
 0000:181F       _CLRSCR
 0000:1828       _PUTSTR
 0000:1847       _PUTSTRXY
 0000:1897       _GETCOLOR
 0000:18A2       _SETCOLOR
 0000:18AE       _WHEREX
 0000:18B9       _WHEREY
 0000:18C4       _GOTOXY
 0000:18D3       _GETDATE
 0000:18F6       _GETTIME
 0000:1919       _STRCPY
 0000:195B idle  _STRNCPY
 0000:19AD idle  _STRUPR
 0000:19F9 idle  _STRLWR
 0000:1A45       _STRCMP
 0000:1A87       _STRLEN
 0000:1AA1 idle  _ISDIGIT
 0000:1ABE idle  _ISALPHA
 0000:1AE5       _ATOI
 0000:1B5F       _UNSIGNEDTOSTR
 0000:1C3F idle  _UNSIGNEDLONGTOSTR
 0000:1DF9 idle  _UNSIGNEDTOSTRHEXA
 0000:1E79       _INTTOSTR
 0000:1F3D       _REBOOT
 0000:1F46       _FORK
 0000:1F57       _KILL
 0000:1F65       _WAIT
 0000:1F8A       _WAITPID
 0000:1FB2       _EXIT
 0000:1FBE       _GETPID
 0000:1FC9 idle  _GETPPID
 0000:1FD4 idle  _SENDSIGNAL
 0000:1FE5 idle  _WAITSIGNAL
 0000:1FF1       _SEMCREATE
 0000:1FFF idle  _SEMSET
 0000:2010       _SEMUP
 0000:201E       _SEMDOWN
 0000:202C       _SEMDESTROY
 0000:203A       _STOP
 0000:2048       _RESUME
 0000:2056       _MINISO_SYSTEMCALL
 0000:2066       _MINISO_CLOCKHANDLER
 0000:2077       _MINISO_RETURN_ADDR
 0000:2087       _SETVECT
 0000:20AE       _GETVECT
 0000:20CB       _ENABLE
 0000:20CD       _DISABLE
 0000:20CF       _MK_FP
 0000:20DA       _FP_SEG
 0000:20E2       _FP_OFF
 0000:20EA       _INIT_DS
 0000:20F4       _INIT_STACK
 0000:210F       N_LXMUL@
 0000:2118 idle  LXMUL@
 0000:212F idle  N_LDIV@
 0000:2132 idle  LDIV@
 0000:2137       N_LUDIV@
 0000:213A idle  LUDIV@
 0000:2140 idle  N_LMOD@
 0000:2143 idle  LMOD@
 0000:2149       N_LUMOD@
 0000:214C idle  LUMOD@
 0000:21E0 idle  N_LXLSH@
 0000:21E3 idle  LXLSH@
 0000:2201       _SCALL
 0000:22DB idle  _SC_PUTCH
 0000:2371 idle  _SC_GETCH
 0000:23C1 idle  _SC_CLRSCR
 0000:23E3 idle  _SC_GETCOLOR
 0000:23EE idle  _SC_SETCOLOR
 0000:23FD idle  _SC_WHEREX
 0000:240A idle  _SC_WHEREY
 0000:241B idle  _SC_GOTOXY
 0000:2449 idle  _SC_GETDATE
 0000:24F9 idle  _SC_GETTIME
 0000:2592       _MINISO_CONTEXTSWITCH
 0000:26BD idle  _MINISO_INIT_SEMTABLE
 0000:26D8       _MINISO_INIT_PROCTABLE
 0000:27B9 idle  _SC_REBOOT
 0000:27D9 idle  _SC_FORK
 0000:2A35 idle  _SC_KILL
 0000:2D31 idle  _SC_WAITPID
 0000:2F04 idle  _SC_WAIT
 0000:3084 idle  _SC_EXIT
 0000:3309 idle  _SC_GETPID
 0000:331E idle  _SC_GETPPID
 0000:3333 idle  _SC_SENDSIGNAL
 0000:3433 idle  _SC_WAITSIGNAL
 0000:3569 idle  _SC_SEMCREATE
 0000:35F4 idle  _SC_SEMSET
 0000:362D idle  _SC_SEMUP
 0000:371A idle  _SC_SEMDOWN
 0000:3860 idle  _SC_SEMDESTROY
 0000:3898 idle  _SC_STOP
 0000:393C idle  _SC_RESUME
 039C:0D89 idle  _MINISO_READY
 039C:0D8B idle  _MINISO_FREE
 039C:0D8D idle  _MINISO_SCALL_TABLE
 039C:0FD8 idle  _SEMID
 039C:15EC       _MINISO_OLDISR
 039C:15F0 idle  _MINISO_NEXTTHREAD
 039C:15F2 idle  _MINISO_DELCURTHREAD
 039C:15F3       _MINISO_THREAD
 039C:1793       _MINISO_SEM

Program entry point at 0000:0000
Warning: No stack

