
 Start  Stop   Length Name               Class

 00000H 03B11H 03B12H _TEXT              CODE
 03B12H 04B2AH 01019H _DATA              DATA
 04B2CH 05378H 0084DH _BSS               BSS


Detailed map of segments

 0000:0000 00C3 C=CODE   S=_TEXT          G=(none)  M=INIT.C     ACBP=28
 0000:00C3 188E C=CODE   S=_TEXT          G=(none)  M=COMMAND.C  ACBP=28
 0000:1951 084E C=CODE   S=_TEXT          G=(none)  M=LIB.C      ACBP=28
 0000:219F 01AB C=CODE   S=_TEXT          G=(none)  M=MINISO.ASM ACBP=28
 0000:234A 17C8 C=CODE   S=_TEXT          G=(none)  M=SCALL.C    ACBP=28
 03B1:0002 004E C=DATA   S=_DATA          G=DGROUP  M=INIT.C     ACBP=48
 03B1:0050 0DB6 C=DATA   S=_DATA          G=DGROUP  M=COMMAND.C  ACBP=48
 03B1:0E06 0000 C=DATA   S=_DATA          G=DGROUP  M=LIB.C      ACBP=48
 03B1:0E06 0002 C=DATA   S=_DATA          G=DGROUP  M=MINISO.ASM ACBP=48
 03B1:0E08 0213 C=DATA   S=_DATA          G=DGROUP  M=SCALL.C    ACBP=48
 03B1:101C 0000 C=BSS    S=_BSS           G=DGROUP  M=INIT.C     ACBP=48
 03B1:101C 0655 C=BSS    S=_BSS           G=DGROUP  M=COMMAND.C  ACBP=48
 03B1:1672 0000 C=BSS    S=_BSS           G=DGROUP  M=LIB.C      ACBP=48
 03B1:1672 01F7 C=BSS    S=_BSS           G=DGROUP  M=SCALL.C    ACBP=48

  Address         Publics by Name

 0000:227B idle  LDIV@
 0000:228C idle  LMOD@
 0000:2283 idle  LUDIV@
 0000:2295 idle  LUMOD@
 0000:232C idle  LXLSH@
 0000:2261 idle  LXMUL@
 0000:2278 idle  N_LDIV@
 0000:2289 idle  N_LMOD@
 0000:2280       N_LUDIV@
 0000:2292       N_LUMOD@
 0000:2329 idle  N_LXLSH@
 0000:2258       N_LXMUL@
 0000:1C2E       _ATOI
 0000:1813 idle  _AVANCA
 0000:1968       _CLRSCR
 0000:0A43 idle  _CMD_CLS
 0000:0908 idle  _CMD_DATE
 0000:10A7 idle  _CMD_DEMO
 0000:0E4F idle  _CMD_ECHO
 0000:089B idle  _CMD_EXIT
 0000:08B0 idle  _CMD_HELP
 0000:0D2E idle  _CMD_KILL
 0000:18D6 idle  _CMD_PRODCONS
 0000:0A88 idle  _CMD_PS
 0000:0885 idle  _CMD_REBOOT
 0000:15A2 idle  _CMD_RESUME
 0000:12F8 idle  _CMD_SEMCREATE
 0000:151D idle  _CMD_SEMDESTROY
 0000:1202 idle  _CMD_SEMLS
 0000:1490 idle  _CMD_SEMTEST
 0000:14E4 idle  _CMD_SEMUP
 0000:0D76 idle  _CMD_SET
 0000:1556 idle  _CMD_STOP
 0000:09A3 idle  _CMD_TIME
 0000:0E0F idle  _CMD_UNSET
 0000:0A59 idle  _CMD_VER
 0000:118A idle  _CMD_WAIT
 0000:10FB idle  _CMD_WAITPID
 0000:00C3       _COMMAND
 0000:1850 idle  _CONSOME
 0000:18A4 idle  _CONSUMIDOR
 0000:2216       _DISABLE
 0000:2214       _ENABLE
 0000:20FB       _EXIT
 0000:208F       _FORK
 0000:222B       _FP_OFF
 0000:2223       _FP_SEG
 0000:195D       _GETCH
 0000:19E0       _GETCOLOR
 0000:1A1C       _GETDATE
 0000:2107       _GETPID
 0000:2112 idle  _GETPPID
 0000:1A3F       _GETTIME
 0000:21F7       _GETVECT
 0000:1A0D       _GOTOXY
 0000:1641 idle  _IMPRIMEBUFFER
 0000:15EE idle  _IMPRIMELISTA
 0000:17F9 idle  _INICIALIZALISTA
 0000:2233       _INIT_DS
 0000:223D       _INIT_STACK
 0000:1FC2       _INTTOSTR
 0000:1C07 idle  _ISALPHA
 0000:1BEA idle  _ISDIGIT
 0000:20A0       _KILL
 0000:0000 idle  _MAIN
 0000:1776 idle  _MINISLEEP
 0000:21AF       _MINISO_CLOCKHANDLER
 0000:26DB       _MINISO_CONTEXTSWITCH
 03B1:1678 idle  _MINISO_DELCURTHREAD
 03B1:0E11 idle  _MINISO_FREE
 0000:2821       _MINISO_INIT_PROCTABLE
 0000:2806 idle  _MINISO_INIT_SEMTABLE
 03B1:1676 idle  _MINISO_NEXTTHREAD
 03B1:1672       _MINISO_OLDISR
 03B1:0E0F idle  _MINISO_READY
 0000:21C0       _MINISO_RETURN_ADDR
 03B1:0E13 idle  _MINISO_SCALL_TABLE
 03B1:1819       _MINISO_SEM
 0000:219F       _MINISO_SYSTEMCALL
 03B1:1679       _MINISO_THREAD
 0000:2218       _MK_FP
 0000:1872 idle  _PRODUTOR
 0000:182E idle  _PRODUZ
 0000:1951       _PUTCH
 0000:1971       _PUTSTR
 0000:1990       _PUTSTRXY
 0000:2086       _REBOOT
 0000:2191       _RESUME
 0000:234A       _SCALL
 0000:250A idle  _SC_CLRSCR
 0000:31CD idle  _SC_EXIT
 0000:2922 idle  _SC_FORK
 0000:24BA idle  _SC_GETCH
 0000:252C idle  _SC_GETCOLOR
 0000:2592 idle  _SC_GETDATE
 0000:3452 idle  _SC_GETPID
 0000:3467 idle  _SC_GETPPID
 0000:2642 idle  _SC_GETTIME
 0000:2564 idle  _SC_GOTOXY
 0000:2B7E idle  _SC_KILL
 0000:2424 idle  _SC_PUTCH
 0000:2902 idle  _SC_REBOOT
 0000:3A85 idle  _SC_RESUME
 0000:36B2 idle  _SC_SEMCREATE
 0000:39A9 idle  _SC_SEMDESTROY
 0000:3863 idle  _SC_SEMDOWN
 0000:373D idle  _SC_SEMSET
 0000:3776 idle  _SC_SEMUP
 0000:347C idle  _SC_SENDSIGNAL
 0000:2537 idle  _SC_SETCOLOR
 0000:39E1 idle  _SC_STOP
 0000:304D idle  _SC_WAIT
 0000:2E7A idle  _SC_WAITPID
 0000:357C idle  _SC_WAITSIGNAL
 0000:2546 idle  _SC_WHEREX
 0000:2553 idle  _SC_WHEREY
 0000:213A       _SEMCREATE
 0000:2175       _SEMDESTROY
 0000:2167       _SEMDOWN
 03B1:105E idle  _SEMID
 0000:2148 idle  _SEMSET
 0000:2159       _SEMUP
 0000:1387 idle  _SEM_APLIC
 0000:211D idle  _SENDSIGNAL
 0000:19EB       _SETCOLOR
 0000:21D0       _SETVECT
 0000:17A3 idle  _SLEEP
 0000:2183       _STOP
 0000:1B8E       _STRCMP
 0000:1A62       _STRCPY
 0000:1BD0       _STRLEN
 0000:1B42 idle  _STRLWR
 0000:1AA4 idle  _STRNCPY
 0000:1AF6 idle  _STRUPR
 0000:1D88 idle  _UNSIGNEDLONGTOSTR
 0000:1CA8       _UNSIGNEDTOSTR
 0000:1F42 idle  _UNSIGNEDTOSTRHEXA
 0000:20AE       _WAIT
 0000:20D3       _WAITPID
 0000:212E idle  _WAITSIGNAL
 0000:19F7       _WHEREX
 0000:1A02       _WHEREY

  Address         Publics by Value

 0000:0000 idle  _MAIN
 0000:00C3       _COMMAND
 0000:0885 idle  _CMD_REBOOT
 0000:089B idle  _CMD_EXIT
 0000:08B0 idle  _CMD_HELP
 0000:0908 idle  _CMD_DATE
 0000:09A3 idle  _CMD_TIME
 0000:0A43 idle  _CMD_CLS
 0000:0A59 idle  _CMD_VER
 0000:0A88 idle  _CMD_PS
 0000:0D2E idle  _CMD_KILL
 0000:0D76 idle  _CMD_SET
 0000:0E0F idle  _CMD_UNSET
 0000:0E4F idle  _CMD_ECHO
 0000:10A7 idle  _CMD_DEMO
 0000:10FB idle  _CMD_WAITPID
 0000:118A idle  _CMD_WAIT
 0000:1202 idle  _CMD_SEMLS
 0000:12F8 idle  _CMD_SEMCREATE
 0000:1387 idle  _SEM_APLIC
 0000:1490 idle  _CMD_SEMTEST
 0000:14E4 idle  _CMD_SEMUP
 0000:151D idle  _CMD_SEMDESTROY
 0000:1556 idle  _CMD_STOP
 0000:15A2 idle  _CMD_RESUME
 0000:15EE idle  _IMPRIMELISTA
 0000:1641 idle  _IMPRIMEBUFFER
 0000:1776 idle  _MINISLEEP
 0000:17A3 idle  _SLEEP
 0000:17F9 idle  _INICIALIZALISTA
 0000:1813 idle  _AVANCA
 0000:182E idle  _PRODUZ
 0000:1850 idle  _CONSOME
 0000:1872 idle  _PRODUTOR
 0000:18A4 idle  _CONSUMIDOR
 0000:18D6 idle  _CMD_PRODCONS
 0000:1951       _PUTCH
 0000:195D       _GETCH
 0000:1968       _CLRSCR
 0000:1971       _PUTSTR
 0000:1990       _PUTSTRXY
 0000:19E0       _GETCOLOR
 0000:19EB       _SETCOLOR
 0000:19F7       _WHEREX
 0000:1A02       _WHEREY
 0000:1A0D       _GOTOXY
 0000:1A1C       _GETDATE
 0000:1A3F       _GETTIME
 0000:1A62       _STRCPY
 0000:1AA4 idle  _STRNCPY
 0000:1AF6 idle  _STRUPR
 0000:1B42 idle  _STRLWR
 0000:1B8E       _STRCMP
 0000:1BD0       _STRLEN
 0000:1BEA idle  _ISDIGIT
 0000:1C07 idle  _ISALPHA
 0000:1C2E       _ATOI
 0000:1CA8       _UNSIGNEDTOSTR
 0000:1D88 idle  _UNSIGNEDLONGTOSTR
 0000:1F42 idle  _UNSIGNEDTOSTRHEXA
 0000:1FC2       _INTTOSTR
 0000:2086       _REBOOT
 0000:208F       _FORK
 0000:20A0       _KILL
 0000:20AE       _WAIT
 0000:20D3       _WAITPID
 0000:20FB       _EXIT
 0000:2107       _GETPID
 0000:2112 idle  _GETPPID
 0000:211D idle  _SENDSIGNAL
 0000:212E idle  _WAITSIGNAL
 0000:213A       _SEMCREATE
 0000:2148 idle  _SEMSET
 0000:2159       _SEMUP
 0000:2167       _SEMDOWN
 0000:2175       _SEMDESTROY
 0000:2183       _STOP
 0000:2191       _RESUME
 0000:219F       _MINISO_SYSTEMCALL
 0000:21AF       _MINISO_CLOCKHANDLER
 0000:21C0       _MINISO_RETURN_ADDR
 0000:21D0       _SETVECT
 0000:21F7       _GETVECT
 0000:2214       _ENABLE
 0000:2216       _DISABLE
 0000:2218       _MK_FP
 0000:2223       _FP_SEG
 0000:222B       _FP_OFF
 0000:2233       _INIT_DS
 0000:223D       _INIT_STACK
 0000:2258       N_LXMUL@
 0000:2261 idle  LXMUL@
 0000:2278 idle  N_LDIV@
 0000:227B idle  LDIV@
 0000:2280       N_LUDIV@
 0000:2283 idle  LUDIV@
 0000:2289 idle  N_LMOD@
 0000:228C idle  LMOD@
 0000:2292       N_LUMOD@
 0000:2295 idle  LUMOD@
 0000:2329 idle  N_LXLSH@
 0000:232C idle  LXLSH@
 0000:234A       _SCALL
 0000:2424 idle  _SC_PUTCH
 0000:24BA idle  _SC_GETCH
 0000:250A idle  _SC_CLRSCR
 0000:252C idle  _SC_GETCOLOR
 0000:2537 idle  _SC_SETCOLOR
 0000:2546 idle  _SC_WHEREX
 0000:2553 idle  _SC_WHEREY
 0000:2564 idle  _SC_GOTOXY
 0000:2592 idle  _SC_GETDATE
 0000:2642 idle  _SC_GETTIME
 0000:26DB       _MINISO_CONTEXTSWITCH
 0000:2806 idle  _MINISO_INIT_SEMTABLE
 0000:2821       _MINISO_INIT_PROCTABLE
 0000:2902 idle  _SC_REBOOT
 0000:2922 idle  _SC_FORK
 0000:2B7E idle  _SC_KILL
 0000:2E7A idle  _SC_WAITPID
 0000:304D idle  _SC_WAIT
 0000:31CD idle  _SC_EXIT
 0000:3452 idle  _SC_GETPID
 0000:3467 idle  _SC_GETPPID
 0000:347C idle  _SC_SENDSIGNAL
 0000:357C idle  _SC_WAITSIGNAL
 0000:36B2 idle  _SC_SEMCREATE
 0000:373D idle  _SC_SEMSET
 0000:3776 idle  _SC_SEMUP
 0000:3863 idle  _SC_SEMDOWN
 0000:39A9 idle  _SC_SEMDESTROY
 0000:39E1 idle  _SC_STOP
 0000:3A85 idle  _SC_RESUME
 03B1:0E0F idle  _MINISO_READY
 03B1:0E11 idle  _MINISO_FREE
 03B1:0E13 idle  _MINISO_SCALL_TABLE
 03B1:105E idle  _SEMID
 03B1:1672       _MINISO_OLDISR
 03B1:1676 idle  _MINISO_NEXTTHREAD
 03B1:1678 idle  _MINISO_DELCURTHREAD
 03B1:1679       _MINISO_THREAD
 03B1:1819       _MINISO_SEM

Program entry point at 0000:0000
Warning: No stack

