
 Start  Stop   Length Name               Class

 00000H 038DFH 038E0H _TEXT              CODE
 038E0H 04894H 00FB5H _DATA              DATA
 04896H 050C8H 00833H _BSS               BSS


Detailed map of segments

 0000:0000 00C3 C=CODE   S=_TEXT          G=(none)  M=INIT.C     ACBP=28
 0000:00C3 165C C=CODE   S=_TEXT          G=(none)  M=COMMAND.C  ACBP=28
 0000:171F 084E C=CODE   S=_TEXT          G=(none)  M=LIB.C      ACBP=28
 0000:1F6D 01AB C=CODE   S=_TEXT          G=(none)  M=MINISO.ASM ACBP=28
 0000:2118 17C8 C=CODE   S=_TEXT          G=(none)  M=SCALL.C    ACBP=28
 038E:0000 004E C=DATA   S=_DATA          G=DGROUP  M=INIT.C     ACBP=48
 038E:004E 0D51 C=DATA   S=_DATA          G=DGROUP  M=COMMAND.C  ACBP=48
 038E:0DA0 0000 C=DATA   S=_DATA          G=DGROUP  M=LIB.C      ACBP=48
 038E:0DA0 0002 C=DATA   S=_DATA          G=DGROUP  M=MINISO.ASM ACBP=48
 038E:0DA2 0213 C=DATA   S=_DATA          G=DGROUP  M=SCALL.C    ACBP=48
 038E:0FB6 0000 C=BSS    S=_BSS           G=DGROUP  M=INIT.C     ACBP=48
 038E:0FB6 063B C=BSS    S=_BSS           G=DGROUP  M=COMMAND.C  ACBP=48
 038E:15F2 0000 C=BSS    S=_BSS           G=DGROUP  M=LIB.C      ACBP=48
 038E:15F2 01F7 C=BSS    S=_BSS           G=DGROUP  M=SCALL.C    ACBP=48

  Address         Publics by Name

 0000:2049 idle  LDIV@
 0000:205A idle  LMOD@
 0000:2051 idle  LUDIV@
 0000:2063 idle  LUMOD@
 0000:20FA idle  LXLSH@
 0000:202F idle  LXMUL@
 0000:2046 idle  N_LDIV@
 0000:2057 idle  N_LMOD@
 0000:204E       N_LUDIV@
 0000:2060       N_LUMOD@
 0000:20F7 idle  N_LXLSH@
 0000:2026       N_LXMUL@
 0000:19FC       _ATOI
 0000:1641 idle  _AVANCA
 0000:1736       _CLRSCR
 0000:0A43 idle  _CMD_CLS
 0000:0908 idle  _CMD_DATE
 0000:10A7 idle  _CMD_DEMO
 0000:0E4F idle  _CMD_ECHO
 0000:089B idle  _CMD_EXIT
 0000:08B0 idle  _CMD_HELP
 0000:0D2E idle  _CMD_KILL
 0000:16C4 idle  _CMD_PRODCONS
 0000:0A88 idle  _CMD_PS
 0000:0885 idle  _CMD_REBOOT
 0000:15A2 idle  _CMD_RESUME
 0000:12F8 idle  _CMD_SEMCREATE
 0000:151D idle  _CMD_SEMDESTROY
 0000:1202 idle  _CMD_SEMLS
 0000:1490 idle  _CMD_SEMTEST
 0000:14E4 idle  _CMD_SEMUP
 0000:0D76 idle  _CMD_SET
 0000:1556 idle  _CMD_STOP
 0000:09A3 idle  _CMD_TIME
 0000:0E0F idle  _CMD_UNSET
 0000:0A59 idle  _CMD_VER
 0000:118A idle  _CMD_WAIT
 0000:10FB idle  _CMD_WAITPID
 0000:00C3       _COMMAND
 0000:16B5 idle  _CONSUMIDOR
 0000:1FE4       _DISABLE
 0000:1FE2       _ENABLE
 0000:1EC9       _EXIT
 0000:1E5D       _FORK
 0000:1FF9       _FP_OFF
 0000:1FF1       _FP_SEG
 0000:172B       _GETCH
 0000:17AE       _GETCOLOR
 0000:17EA       _GETDATE
 0000:1ED5       _GETPID
 0000:1EE0 idle  _GETPPID
 0000:180D       _GETTIME
 0000:1FC5       _GETVECT
 0000:17DB       _GOTOXY
 0000:15EE idle  _IMPRIMELISTA
 0000:162A idle  _INICIALIZALISTA
 0000:2001       _INIT_DS
 0000:200B       _INIT_STACK
 0000:1D90       _INTTOSTR
 0000:19D5 idle  _ISALPHA
 0000:19B8 idle  _ISDIGIT
 0000:1E6E       _KILL
 0000:0000 idle  _MAIN
 0000:1F7D       _MINISO_CLOCKHANDLER
 0000:24A9       _MINISO_CONTEXTSWITCH
 038E:15F8 idle  _MINISO_DELCURTHREAD
 038E:0DAB idle  _MINISO_FREE
 0000:25EF       _MINISO_INIT_PROCTABLE
 0000:25D4 idle  _MINISO_INIT_SEMTABLE
 038E:15F6 idle  _MINISO_NEXTTHREAD
 038E:15F2       _MINISO_OLDISR
 038E:0DA9 idle  _MINISO_READY
 0000:1F8E       _MINISO_RETURN_ADDR
 038E:0DAD idle  _MINISO_SCALL_TABLE
 038E:1799       _MINISO_SEM
 0000:1F6D       _MINISO_SYSTEMCALL
 038E:15F9       _MINISO_THREAD
 0000:1FE6       _MK_FP
 0000:167F idle  _PRODUTOR
 0000:165C idle  _PRODUZ
 0000:171F       _PUTCH
 0000:173F       _PUTSTR
 0000:175E       _PUTSTRXY
 0000:1E54       _REBOOT
 0000:1F5F       _RESUME
 0000:2118       _SCALL
 0000:22D8 idle  _SC_CLRSCR
 0000:2F9B idle  _SC_EXIT
 0000:26F0 idle  _SC_FORK
 0000:2288 idle  _SC_GETCH
 0000:22FA idle  _SC_GETCOLOR
 0000:2360 idle  _SC_GETDATE
 0000:3220 idle  _SC_GETPID
 0000:3235 idle  _SC_GETPPID
 0000:2410 idle  _SC_GETTIME
 0000:2332 idle  _SC_GOTOXY
 0000:294C idle  _SC_KILL
 0000:21F2 idle  _SC_PUTCH
 0000:26D0 idle  _SC_REBOOT
 0000:3853 idle  _SC_RESUME
 0000:3480 idle  _SC_SEMCREATE
 0000:3777 idle  _SC_SEMDESTROY
 0000:3631 idle  _SC_SEMDOWN
 0000:350B idle  _SC_SEMSET
 0000:3544 idle  _SC_SEMUP
 0000:324A idle  _SC_SENDSIGNAL
 0000:2305 idle  _SC_SETCOLOR
 0000:37AF idle  _SC_STOP
 0000:2E1B idle  _SC_WAIT
 0000:2C48 idle  _SC_WAITPID
 0000:334A idle  _SC_WAITSIGNAL
 0000:2314 idle  _SC_WHEREX
 0000:2321 idle  _SC_WHEREY
 0000:1F08       _SEMCREATE
 0000:1F43       _SEMDESTROY
 0000:1F35       _SEMDOWN
 038E:0FDE idle  _SEMID
 0000:1F16 idle  _SEMSET
 0000:1F27       _SEMUP
 0000:1387 idle  _SEM_APLIC
 0000:1EEB idle  _SENDSIGNAL
 0000:17B9       _SETCOLOR
 0000:1F9E       _SETVECT
 0000:1F51       _STOP
 0000:195C       _STRCMP
 0000:1830       _STRCPY
 0000:199E       _STRLEN
 0000:1910 idle  _STRLWR
 0000:1872 idle  _STRNCPY
 0000:18C4 idle  _STRUPR
 0000:1B56 idle  _UNSIGNEDLONGTOSTR
 0000:1A76       _UNSIGNEDTOSTR
 0000:1D10 idle  _UNSIGNEDTOSTRHEXA
 0000:1E7C       _WAIT
 0000:1EA1       _WAITPID
 0000:1EFC idle  _WAITSIGNAL
 0000:17C5       _WHEREX
 0000:17D0       _WHEREY

  Address         Publics by Value

 0000:0000 idle  _MAIN
 0000:00C3       _COMMAND
 0000:0885 idle  _CMD_REBOOT
 0000:089B idle  _CMD_EXIT
 0000:08B0 idle  _CMD_HELP
 0000:0908 idle  _CMD_DATE
 0000:09A3 idle  _CMD_TIME
 0000:0A43 idle  _CMD_CLS
 0000:0A59 idle  _CMD_VER
 0000:0A88 idle  _CMD_PS
 0000:0D2E idle  _CMD_KILL
 0000:0D76 idle  _CMD_SET
 0000:0E0F idle  _CMD_UNSET
 0000:0E4F idle  _CMD_ECHO
 0000:10A7 idle  _CMD_DEMO
 0000:10FB idle  _CMD_WAITPID
 0000:118A idle  _CMD_WAIT
 0000:1202 idle  _CMD_SEMLS
 0000:12F8 idle  _CMD_SEMCREATE
 0000:1387 idle  _SEM_APLIC
 0000:1490 idle  _CMD_SEMTEST
 0000:14E4 idle  _CMD_SEMUP
 0000:151D idle  _CMD_SEMDESTROY
 0000:1556 idle  _CMD_STOP
 0000:15A2 idle  _CMD_RESUME
 0000:15EE idle  _IMPRIMELISTA
 0000:162A idle  _INICIALIZALISTA
 0000:1641 idle  _AVANCA
 0000:165C idle  _PRODUZ
 0000:167F idle  _PRODUTOR
 0000:16B5 idle  _CONSUMIDOR
 0000:16C4 idle  _CMD_PRODCONS
 0000:171F       _PUTCH
 0000:172B       _GETCH
 0000:1736       _CLRSCR
 0000:173F       _PUTSTR
 0000:175E       _PUTSTRXY
 0000:17AE       _GETCOLOR
 0000:17B9       _SETCOLOR
 0000:17C5       _WHEREX
 0000:17D0       _WHEREY
 0000:17DB       _GOTOXY
 0000:17EA       _GETDATE
 0000:180D       _GETTIME
 0000:1830       _STRCPY
 0000:1872 idle  _STRNCPY
 0000:18C4 idle  _STRUPR
 0000:1910 idle  _STRLWR
 0000:195C       _STRCMP
 0000:199E       _STRLEN
 0000:19B8 idle  _ISDIGIT
 0000:19D5 idle  _ISALPHA
 0000:19FC       _ATOI
 0000:1A76       _UNSIGNEDTOSTR
 0000:1B56 idle  _UNSIGNEDLONGTOSTR
 0000:1D10 idle  _UNSIGNEDTOSTRHEXA
 0000:1D90       _INTTOSTR
 0000:1E54       _REBOOT
 0000:1E5D       _FORK
 0000:1E6E       _KILL
 0000:1E7C       _WAIT
 0000:1EA1       _WAITPID
 0000:1EC9       _EXIT
 0000:1ED5       _GETPID
 0000:1EE0 idle  _GETPPID
 0000:1EEB idle  _SENDSIGNAL
 0000:1EFC idle  _WAITSIGNAL
 0000:1F08       _SEMCREATE
 0000:1F16 idle  _SEMSET
 0000:1F27       _SEMUP
 0000:1F35       _SEMDOWN
 0000:1F43       _SEMDESTROY
 0000:1F51       _STOP
 0000:1F5F       _RESUME
 0000:1F6D       _MINISO_SYSTEMCALL
 0000:1F7D       _MINISO_CLOCKHANDLER
 0000:1F8E       _MINISO_RETURN_ADDR
 0000:1F9E       _SETVECT
 0000:1FC5       _GETVECT
 0000:1FE2       _ENABLE
 0000:1FE4       _DISABLE
 0000:1FE6       _MK_FP
 0000:1FF1       _FP_SEG
 0000:1FF9       _FP_OFF
 0000:2001       _INIT_DS
 0000:200B       _INIT_STACK
 0000:2026       N_LXMUL@
 0000:202F idle  LXMUL@
 0000:2046 idle  N_LDIV@
 0000:2049 idle  LDIV@
 0000:204E       N_LUDIV@
 0000:2051 idle  LUDIV@
 0000:2057 idle  N_LMOD@
 0000:205A idle  LMOD@
 0000:2060       N_LUMOD@
 0000:2063 idle  LUMOD@
 0000:20F7 idle  N_LXLSH@
 0000:20FA idle  LXLSH@
 0000:2118       _SCALL
 0000:21F2 idle  _SC_PUTCH
 0000:2288 idle  _SC_GETCH
 0000:22D8 idle  _SC_CLRSCR
 0000:22FA idle  _SC_GETCOLOR
 0000:2305 idle  _SC_SETCOLOR
 0000:2314 idle  _SC_WHEREX
 0000:2321 idle  _SC_WHEREY
 0000:2332 idle  _SC_GOTOXY
 0000:2360 idle  _SC_GETDATE
 0000:2410 idle  _SC_GETTIME
 0000:24A9       _MINISO_CONTEXTSWITCH
 0000:25D4 idle  _MINISO_INIT_SEMTABLE
 0000:25EF       _MINISO_INIT_PROCTABLE
 0000:26D0 idle  _SC_REBOOT
 0000:26F0 idle  _SC_FORK
 0000:294C idle  _SC_KILL
 0000:2C48 idle  _SC_WAITPID
 0000:2E1B idle  _SC_WAIT
 0000:2F9B idle  _SC_EXIT
 0000:3220 idle  _SC_GETPID
 0000:3235 idle  _SC_GETPPID
 0000:324A idle  _SC_SENDSIGNAL
 0000:334A idle  _SC_WAITSIGNAL
 0000:3480 idle  _SC_SEMCREATE
 0000:350B idle  _SC_SEMSET
 0000:3544 idle  _SC_SEMUP
 0000:3631 idle  _SC_SEMDOWN
 0000:3777 idle  _SC_SEMDESTROY
 0000:37AF idle  _SC_STOP
 0000:3853 idle  _SC_RESUME
 038E:0DA9 idle  _MINISO_READY
 038E:0DAB idle  _MINISO_FREE
 038E:0DAD idle  _MINISO_SCALL_TABLE
 038E:0FDE idle  _SEMID
 038E:15F2       _MINISO_OLDISR
 038E:15F6 idle  _MINISO_NEXTTHREAD
 038E:15F8 idle  _MINISO_DELCURTHREAD
 038E:15F9       _MINISO_THREAD
 038E:1799       _MINISO_SEM

Program entry point at 0000:0000
Warning: No stack

