
 Start  Stop   Length Name               Class

 00000H 035BFH 035C0H _TEXT              CODE
 035C0H 04334H 00D75H _DATA              DATA
 04336H 04B54H 0081FH _BSS               BSS


Detailed map of segments

 0000:0000 00C3 C=CODE   S=_TEXT          G=(none)  M=INIT.C     ACBP=28
 0000:00C3 148B C=CODE   S=_TEXT          G=(none)  M=COMMAND.C  ACBP=28
 0000:154E 0832 C=CODE   S=_TEXT          G=(none)  M=LIB.C      ACBP=28
 0000:1D80 01AB C=CODE   S=_TEXT          G=(none)  M=MINISO.ASM ACBP=28
 0000:1F2B 1695 C=CODE   S=_TEXT          G=(none)  M=SCALL.C    ACBP=28
 035C:0000 004E C=DATA   S=_DATA          G=DGROUP  M=INIT.C     ACBP=48
 035C:004E 0B1C C=DATA   S=_DATA          G=DGROUP  M=COMMAND.C  ACBP=48
 035C:0B6A 0000 C=DATA   S=_DATA          G=DGROUP  M=LIB.C      ACBP=48
 035C:0B6A 0002 C=DATA   S=_DATA          G=DGROUP  M=MINISO.ASM ACBP=48
 035C:0B6C 0209 C=DATA   S=_DATA          G=DGROUP  M=SCALL.C    ACBP=48
 035C:0D76 0000 C=BSS    S=_BSS           G=DGROUP  M=INIT.C     ACBP=48
 035C:0D76 0627 C=BSS    S=_BSS           G=DGROUP  M=COMMAND.C  ACBP=48
 035C:139E 0000 C=BSS    S=_BSS           G=DGROUP  M=LIB.C      ACBP=48
 035C:139E 01F7 C=BSS    S=_BSS           G=DGROUP  M=SCALL.C    ACBP=48

  Address         Publics by Name

 0000:1E5C idle  LDIV@
 0000:1E6D idle  LMOD@
 0000:1E64 idle  LUDIV@
 0000:1E76 idle  LUMOD@
 0000:1F0D idle  LXLSH@
 0000:1E42 idle  LXMUL@
 0000:1E59 idle  N_LDIV@
 0000:1E6A idle  N_LMOD@
 0000:1E61       N_LUDIV@
 0000:1E73       N_LUMOD@
 0000:1F0A idle  N_LXLSH@
 0000:1E39       N_LXMUL@
 0000:182B       _ATOI
 0000:1565       _CLRSCR
 0000:0A43 idle  _CMD_CLS
 0000:0908 idle  _CMD_DATE
 0000:109F idle  _CMD_DEMO
 0000:0E47 idle  _CMD_ECHO
 0000:089B idle  _CMD_EXIT
 0000:08B0 idle  _CMD_HELP
 0000:0D26 idle  _CMD_KILL
 0000:0A88 idle  _CMD_PS
 0000:0885 idle  _CMD_REBOOT
 0000:12F0 idle  _CMD_SEMCREATE
 0000:1515 idle  _CMD_SEMDESTROY
 0000:11FA idle  _CMD_SEMLS
 0000:1488 idle  _CMD_SEMTEST
 0000:14DC idle  _CMD_SEMUP
 0000:0D6E idle  _CMD_SET
 0000:09A3 idle  _CMD_TIME
 0000:0E07 idle  _CMD_UNSET
 0000:0A59 idle  _CMD_VER
 0000:1182 idle  _CMD_WAIT
 0000:10F3 idle  _CMD_WAITPID
 0000:00C3       _COMMAND
 0000:1DF7       _DISABLE
 0000:1DF5       _ENABLE
 0000:1CF8       _EXIT
 0000:1C8C       _FORK
 0000:1E0C       _FP_OFF
 0000:1E04       _FP_SEG
 0000:155A       _GETCH
 0000:15DD       _GETCOLOR
 0000:1619       _GETDATE
 0000:1D04       _GETPID
 0000:1D0F idle  _GETPPID
 0000:163C       _GETTIME
 0000:1DD8       _GETVECT
 0000:160A       _GOTOXY
 0000:1E14       _INIT_DS
 0000:1E1E       _INIT_STACK
 0000:1BBF       _INTTOSTR
 0000:1804 idle  _ISALPHA
 0000:17E7 idle  _ISDIGIT
 0000:1C9D       _KILL
 0000:0000 idle  _MAIN
 0000:1D90       _MINISO_CLOCKHANDLER
 0000:22BC       _MINISO_CONTEXTSWITCH
 035C:13A4 idle  _MINISO_DELCURTHREAD
 035C:0B75 idle  _MINISO_FREE
 0000:2402       _MINISO_INIT_PROCTABLE
 0000:23E7 idle  _MINISO_INIT_SEMTABLE
 035C:13A2 idle  _MINISO_NEXTTHREAD
 035C:139E       _MINISO_OLDISR
 035C:0B73 idle  _MINISO_READY
 0000:1DA1       _MINISO_RETURN_ADDR
 035C:0B77 idle  _MINISO_SCALL_TABLE
 035C:1545       _MINISO_SEM
 0000:1D80       _MINISO_SYSTEMCALL
 035C:13A5       _MINISO_THREAD
 0000:1DF9       _MK_FP
 0000:154E       _PUTCH
 0000:156E       _PUTSTR
 0000:158D       _PUTSTRXY
 0000:1C83       _REBOOT
 0000:1F2B       _SCALL
 0000:20EB idle  _SC_CLRSCR
 0000:2DAC idle  _SC_EXIT
 0000:2503 idle  _SC_FORK
 0000:209B idle  _SC_GETCH
 0000:210D idle  _SC_GETCOLOR
 0000:2173 idle  _SC_GETDATE
 0000:3031 idle  _SC_GETPID
 0000:3046 idle  _SC_GETPPID
 0000:2223 idle  _SC_GETTIME
 0000:2145 idle  _SC_GOTOXY
 0000:275F idle  _SC_KILL
 0000:2005 idle  _SC_PUTCH
 0000:24E3 idle  _SC_REBOOT
 0000:3291 idle  _SC_SEMCREATE
 0000:3588 idle  _SC_SEMDESTROY
 0000:3442 idle  _SC_SEMDOWN
 0000:331C idle  _SC_SEMSET
 0000:3355 idle  _SC_SEMUP
 0000:305B idle  _SC_SENDSIGNAL
 0000:2118 idle  _SC_SETCOLOR
 0000:2C2C idle  _SC_WAIT
 0000:2A59 idle  _SC_WAITPID
 0000:315B idle  _SC_WAITSIGNAL
 0000:2127 idle  _SC_WHEREX
 0000:2134 idle  _SC_WHEREY
 0000:1D37       _SEMCREATE
 0000:1D72       _SEMDESTROY
 0000:1D64       _SEMDOWN
 035C:0D8A idle  _SEMID
 0000:1D45 idle  _SEMSET
 0000:1D56       _SEMUP
 0000:137F idle  _SEM_APLIC
 0000:1D1A idle  _SENDSIGNAL
 0000:15E8       _SETCOLOR
 0000:1DB1       _SETVECT
 0000:178B       _STRCMP
 0000:165F       _STRCPY
 0000:17CD       _STRLEN
 0000:173F idle  _STRLWR
 0000:16A1 idle  _STRNCPY
 0000:16F3 idle  _STRUPR
 0000:1985 idle  _UNSIGNEDLONGTOSTR
 0000:18A5       _UNSIGNEDTOSTR
 0000:1B3F idle  _UNSIGNEDTOSTRHEXA
 0000:1CAB       _WAIT
 0000:1CD0       _WAITPID
 0000:1D2B idle  _WAITSIGNAL
 0000:15F4       _WHEREX
 0000:15FF       _WHEREY

  Address         Publics by Value

 0000:0000 idle  _MAIN
 0000:00C3       _COMMAND
 0000:0885 idle  _CMD_REBOOT
 0000:089B idle  _CMD_EXIT
 0000:08B0 idle  _CMD_HELP
 0000:0908 idle  _CMD_DATE
 0000:09A3 idle  _CMD_TIME
 0000:0A43 idle  _CMD_CLS
 0000:0A59 idle  _CMD_VER
 0000:0A88 idle  _CMD_PS
 0000:0D26 idle  _CMD_KILL
 0000:0D6E idle  _CMD_SET
 0000:0E07 idle  _CMD_UNSET
 0000:0E47 idle  _CMD_ECHO
 0000:109F idle  _CMD_DEMO
 0000:10F3 idle  _CMD_WAITPID
 0000:1182 idle  _CMD_WAIT
 0000:11FA idle  _CMD_SEMLS
 0000:12F0 idle  _CMD_SEMCREATE
 0000:137F idle  _SEM_APLIC
 0000:1488 idle  _CMD_SEMTEST
 0000:14DC idle  _CMD_SEMUP
 0000:1515 idle  _CMD_SEMDESTROY
 0000:154E       _PUTCH
 0000:155A       _GETCH
 0000:1565       _CLRSCR
 0000:156E       _PUTSTR
 0000:158D       _PUTSTRXY
 0000:15DD       _GETCOLOR
 0000:15E8       _SETCOLOR
 0000:15F4       _WHEREX
 0000:15FF       _WHEREY
 0000:160A       _GOTOXY
 0000:1619       _GETDATE
 0000:163C       _GETTIME
 0000:165F       _STRCPY
 0000:16A1 idle  _STRNCPY
 0000:16F3 idle  _STRUPR
 0000:173F idle  _STRLWR
 0000:178B       _STRCMP
 0000:17CD       _STRLEN
 0000:17E7 idle  _ISDIGIT
 0000:1804 idle  _ISALPHA
 0000:182B       _ATOI
 0000:18A5       _UNSIGNEDTOSTR
 0000:1985 idle  _UNSIGNEDLONGTOSTR
 0000:1B3F idle  _UNSIGNEDTOSTRHEXA
 0000:1BBF       _INTTOSTR
 0000:1C83       _REBOOT
 0000:1C8C       _FORK
 0000:1C9D       _KILL
 0000:1CAB       _WAIT
 0000:1CD0       _WAITPID
 0000:1CF8       _EXIT
 0000:1D04       _GETPID
 0000:1D0F idle  _GETPPID
 0000:1D1A idle  _SENDSIGNAL
 0000:1D2B idle  _WAITSIGNAL
 0000:1D37       _SEMCREATE
 0000:1D45 idle  _SEMSET
 0000:1D56       _SEMUP
 0000:1D64       _SEMDOWN
 0000:1D72       _SEMDESTROY
 0000:1D80       _MINISO_SYSTEMCALL
 0000:1D90       _MINISO_CLOCKHANDLER
 0000:1DA1       _MINISO_RETURN_ADDR
 0000:1DB1       _SETVECT
 0000:1DD8       _GETVECT
 0000:1DF5       _ENABLE
 0000:1DF7       _DISABLE
 0000:1DF9       _MK_FP
 0000:1E04       _FP_SEG
 0000:1E0C       _FP_OFF
 0000:1E14       _INIT_DS
 0000:1E1E       _INIT_STACK
 0000:1E39       N_LXMUL@
 0000:1E42 idle  LXMUL@
 0000:1E59 idle  N_LDIV@
 0000:1E5C idle  LDIV@
 0000:1E61       N_LUDIV@
 0000:1E64 idle  LUDIV@
 0000:1E6A idle  N_LMOD@
 0000:1E6D idle  LMOD@
 0000:1E73       N_LUMOD@
 0000:1E76 idle  LUMOD@
 0000:1F0A idle  N_LXLSH@
 0000:1F0D idle  LXLSH@
 0000:1F2B       _SCALL
 0000:2005 idle  _SC_PUTCH
 0000:209B idle  _SC_GETCH
 0000:20EB idle  _SC_CLRSCR
 0000:210D idle  _SC_GETCOLOR
 0000:2118 idle  _SC_SETCOLOR
 0000:2127 idle  _SC_WHEREX
 0000:2134 idle  _SC_WHEREY
 0000:2145 idle  _SC_GOTOXY
 0000:2173 idle  _SC_GETDATE
 0000:2223 idle  _SC_GETTIME
 0000:22BC       _MINISO_CONTEXTSWITCH
 0000:23E7 idle  _MINISO_INIT_SEMTABLE
 0000:2402       _MINISO_INIT_PROCTABLE
 0000:24E3 idle  _SC_REBOOT
 0000:2503 idle  _SC_FORK
 0000:275F idle  _SC_KILL
 0000:2A59 idle  _SC_WAITPID
 0000:2C2C idle  _SC_WAIT
 0000:2DAC idle  _SC_EXIT
 0000:3031 idle  _SC_GETPID
 0000:3046 idle  _SC_GETPPID
 0000:305B idle  _SC_SENDSIGNAL
 0000:315B idle  _SC_WAITSIGNAL
 0000:3291 idle  _SC_SEMCREATE
 0000:331C idle  _SC_SEMSET
 0000:3355 idle  _SC_SEMUP
 0000:3442 idle  _SC_SEMDOWN
 0000:3588 idle  _SC_SEMDESTROY
 035C:0B73 idle  _MINISO_READY
 035C:0B75 idle  _MINISO_FREE
 035C:0B77 idle  _MINISO_SCALL_TABLE
 035C:0D8A idle  _SEMID
 035C:139E       _MINISO_OLDISR
 035C:13A2 idle  _MINISO_NEXTTHREAD
 035C:13A4 idle  _MINISO_DELCURTHREAD
 035C:13A5       _MINISO_THREAD
 035C:1545       _MINISO_SEM

Program entry point at 0000:0000
Warning: No stack

