
 Start  Stop   Length Name               Class

 00000H 03B87H 03B88H _TEXT              CODE
 03B88H 04C6CH 010E5H _DATA              DATA
 04C6EH 054BEH 00851H _BSS               BSS


Detailed map of segments

 0000:0000 00C3 C=CODE   S=_TEXT          G=(none)  M=INIT.C     ACBP=28
 0000:00C3 1904 C=CODE   S=_TEXT          G=(none)  M=COMMAND.C  ACBP=28
 0000:19C7 084E C=CODE   S=_TEXT          G=(none)  M=LIB.C      ACBP=28
 0000:2215 01AB C=CODE   S=_TEXT          G=(none)  M=MINISO.ASM ACBP=28
 0000:23C0 17C8 C=CODE   S=_TEXT          G=(none)  M=SCALL.C    ACBP=28
 03B8:0008 004E C=DATA   S=_DATA          G=DGROUP  M=INIT.C     ACBP=48
 03B8:0056 0E82 C=DATA   S=_DATA          G=DGROUP  M=COMMAND.C  ACBP=48
 03B8:0ED8 0000 C=DATA   S=_DATA          G=DGROUP  M=LIB.C      ACBP=48
 03B8:0ED8 0002 C=DATA   S=_DATA          G=DGROUP  M=MINISO.ASM ACBP=48
 03B8:0EDA 0213 C=DATA   S=_DATA          G=DGROUP  M=SCALL.C    ACBP=48
 03B8:10EE 0000 C=BSS    S=_BSS           G=DGROUP  M=INIT.C     ACBP=48
 03B8:10EE 0659 C=BSS    S=_BSS           G=DGROUP  M=COMMAND.C  ACBP=48
 03B8:1748 0000 C=BSS    S=_BSS           G=DGROUP  M=LIB.C      ACBP=48
 03B8:1748 01F7 C=BSS    S=_BSS           G=DGROUP  M=SCALL.C    ACBP=48

  Address         Publics by Name

 0000:22F1 idle  LDIV@
 0000:2302 idle  LMOD@
 0000:22F9 idle  LUDIV@
 0000:230B idle  LUMOD@
 0000:23A2 idle  LXLSH@
 0000:22D7 idle  LXMUL@
 0000:22EE idle  N_LDIV@
 0000:22FF idle  N_LMOD@
 0000:22F6       N_LUDIV@
 0000:2308       N_LUMOD@
 0000:239F idle  N_LXLSH@
 0000:22CE       N_LXMUL@
 0000:1CA4       _ATOI
 0000:1813 idle  _AVANCA
 0000:19DE       _CLRSCR
 0000:0A43 idle  _CMD_CLS
 0000:0908 idle  _CMD_DATE
 0000:10A7 idle  _CMD_DEMO
 0000:0E4F idle  _CMD_ECHO
 0000:089B idle  _CMD_EXIT
 0000:08B0 idle  _CMD_HELP
 0000:0D2E idle  _CMD_KILL
 0000:192C idle  _CMD_PRODCONS
 0000:0A88 idle  _CMD_PS
 0000:0885 idle  _CMD_REBOOT
 0000:15A2 idle  _CMD_RESUME
 0000:12F8 idle  _CMD_SEMCREATE
 0000:151D idle  _CMD_SEMDESTROY
 0000:1202 idle  _CMD_SEMLS
 0000:1490 idle  _CMD_SEMTEST
 0000:14E4 idle  _CMD_SEMUP
 0000:0D76 idle  _CMD_SET
 0000:1556 idle  _CMD_STOP
 0000:1901 idle  _CMD_TCONS
 0000:09A3 idle  _CMD_TIME
 0000:18D6 idle  _CMD_TPROD
 0000:0E0F idle  _CMD_UNSET
 0000:0A59 idle  _CMD_VER
 0000:118A idle  _CMD_WAIT
 0000:10FB idle  _CMD_WAITPID
 0000:00C3       _COMMAND
 0000:1850 idle  _CONSOME
 0000:18A4 idle  _CONSUMIDOR
 0000:228C       _DISABLE
 0000:228A       _ENABLE
 0000:2171       _EXIT
 0000:2105       _FORK
 0000:22A1       _FP_OFF
 0000:2299       _FP_SEG
 0000:19D3       _GETCH
 0000:1A56       _GETCOLOR
 0000:1A92       _GETDATE
 0000:217D       _GETPID
 0000:2188 idle  _GETPPID
 0000:1AB5       _GETTIME
 0000:226D       _GETVECT
 0000:1A83       _GOTOXY
 0000:1641 idle  _IMPRIMEBUFFER
 0000:15EE idle  _IMPRIMELISTA
 0000:17F9 idle  _INICIALIZALISTA
 0000:22A9       _INIT_DS
 0000:22B3       _INIT_STACK
 0000:2038       _INTTOSTR
 0000:1C7D idle  _ISALPHA
 0000:1C60 idle  _ISDIGIT
 0000:2116       _KILL
 0000:0000 idle  _MAIN
 0000:1776 idle  _MINISLEEP
 0000:2225       _MINISO_CLOCKHANDLER
 0000:2751       _MINISO_CONTEXTSWITCH
 03B8:174E idle  _MINISO_DELCURTHREAD
 03B8:0EE3 idle  _MINISO_FREE
 0000:2897       _MINISO_INIT_PROCTABLE
 0000:287C idle  _MINISO_INIT_SEMTABLE
 03B8:174C idle  _MINISO_NEXTTHREAD
 03B8:1748       _MINISO_OLDISR
 03B8:0EE1 idle  _MINISO_READY
 0000:2236       _MINISO_RETURN_ADDR
 03B8:0EE5 idle  _MINISO_SCALL_TABLE
 03B8:18EF       _MINISO_SEM
 0000:2215       _MINISO_SYSTEMCALL
 03B8:174F       _MINISO_THREAD
 0000:228E       _MK_FP
 0000:1872 idle  _PRODUTOR
 0000:182E idle  _PRODUZ
 0000:19C7       _PUTCH
 0000:19E7       _PUTSTR
 0000:1A06       _PUTSTRXY
 0000:20FC       _REBOOT
 0000:2207       _RESUME
 0000:23C0       _SCALL
 0000:2580 idle  _SC_CLRSCR
 0000:3243 idle  _SC_EXIT
 0000:2998 idle  _SC_FORK
 0000:2530 idle  _SC_GETCH
 0000:25A2 idle  _SC_GETCOLOR
 0000:2608 idle  _SC_GETDATE
 0000:34C8 idle  _SC_GETPID
 0000:34DD idle  _SC_GETPPID
 0000:26B8 idle  _SC_GETTIME
 0000:25DA idle  _SC_GOTOXY
 0000:2BF4 idle  _SC_KILL
 0000:249A idle  _SC_PUTCH
 0000:2978 idle  _SC_REBOOT
 0000:3AFB idle  _SC_RESUME
 0000:3728 idle  _SC_SEMCREATE
 0000:3A1F idle  _SC_SEMDESTROY
 0000:38D9 idle  _SC_SEMDOWN
 0000:37B3 idle  _SC_SEMSET
 0000:37EC idle  _SC_SEMUP
 0000:34F2 idle  _SC_SENDSIGNAL
 0000:25AD idle  _SC_SETCOLOR
 0000:3A57 idle  _SC_STOP
 0000:30C3 idle  _SC_WAIT
 0000:2EF0 idle  _SC_WAITPID
 0000:35F2 idle  _SC_WAITSIGNAL
 0000:25BC idle  _SC_WHEREX
 0000:25C9 idle  _SC_WHEREY
 0000:21B0       _SEMCREATE
 0000:21EB       _SEMDESTROY
 0000:21DD       _SEMDOWN
 03B8:1134 idle  _SEMID
 0000:21BE idle  _SEMSET
 0000:21CF       _SEMUP
 0000:1387 idle  _SEM_APLIC
 0000:2193 idle  _SENDSIGNAL
 0000:1A61       _SETCOLOR
 0000:2246       _SETVECT
 0000:17A3 idle  _SLEEP
 0000:21F9       _STOP
 0000:1C04       _STRCMP
 0000:1AD8       _STRCPY
 0000:1C46       _STRLEN
 0000:1BB8 idle  _STRLWR
 0000:1B1A idle  _STRNCPY
 0000:1B6C idle  _STRUPR
 0000:1DFE idle  _UNSIGNEDLONGTOSTR
 0000:1D1E       _UNSIGNEDTOSTR
 0000:1FB8 idle  _UNSIGNEDTOSTRHEXA
 0000:2124       _WAIT
 0000:2149       _WAITPID
 0000:21A4 idle  _WAITSIGNAL
 0000:1A6D       _WHEREX
 0000:1A78       _WHEREY

  Address         Publics by Value

 0000:0000 idle  _MAIN
 0000:00C3       _COMMAND
 0000:0885 idle  _CMD_REBOOT
 0000:089B idle  _CMD_EXIT
 0000:08B0 idle  _CMD_HELP
 0000:0908 idle  _CMD_DATE
 0000:09A3 idle  _CMD_TIME
 0000:0A43 idle  _CMD_CLS
 0000:0A59 idle  _CMD_VER
 0000:0A88 idle  _CMD_PS
 0000:0D2E idle  _CMD_KILL
 0000:0D76 idle  _CMD_SET
 0000:0E0F idle  _CMD_UNSET
 0000:0E4F idle  _CMD_ECHO
 0000:10A7 idle  _CMD_DEMO
 0000:10FB idle  _CMD_WAITPID
 0000:118A idle  _CMD_WAIT
 0000:1202 idle  _CMD_SEMLS
 0000:12F8 idle  _CMD_SEMCREATE
 0000:1387 idle  _SEM_APLIC
 0000:1490 idle  _CMD_SEMTEST
 0000:14E4 idle  _CMD_SEMUP
 0000:151D idle  _CMD_SEMDESTROY
 0000:1556 idle  _CMD_STOP
 0000:15A2 idle  _CMD_RESUME
 0000:15EE idle  _IMPRIMELISTA
 0000:1641 idle  _IMPRIMEBUFFER
 0000:1776 idle  _MINISLEEP
 0000:17A3 idle  _SLEEP
 0000:17F9 idle  _INICIALIZALISTA
 0000:1813 idle  _AVANCA
 0000:182E idle  _PRODUZ
 0000:1850 idle  _CONSOME
 0000:1872 idle  _PRODUTOR
 0000:18A4 idle  _CONSUMIDOR
 0000:18D6 idle  _CMD_TPROD
 0000:1901 idle  _CMD_TCONS
 0000:192C idle  _CMD_PRODCONS
 0000:19C7       _PUTCH
 0000:19D3       _GETCH
 0000:19DE       _CLRSCR
 0000:19E7       _PUTSTR
 0000:1A06       _PUTSTRXY
 0000:1A56       _GETCOLOR
 0000:1A61       _SETCOLOR
 0000:1A6D       _WHEREX
 0000:1A78       _WHEREY
 0000:1A83       _GOTOXY
 0000:1A92       _GETDATE
 0000:1AB5       _GETTIME
 0000:1AD8       _STRCPY
 0000:1B1A idle  _STRNCPY
 0000:1B6C idle  _STRUPR
 0000:1BB8 idle  _STRLWR
 0000:1C04       _STRCMP
 0000:1C46       _STRLEN
 0000:1C60 idle  _ISDIGIT
 0000:1C7D idle  _ISALPHA
 0000:1CA4       _ATOI
 0000:1D1E       _UNSIGNEDTOSTR
 0000:1DFE idle  _UNSIGNEDLONGTOSTR
 0000:1FB8 idle  _UNSIGNEDTOSTRHEXA
 0000:2038       _INTTOSTR
 0000:20FC       _REBOOT
 0000:2105       _FORK
 0000:2116       _KILL
 0000:2124       _WAIT
 0000:2149       _WAITPID
 0000:2171       _EXIT
 0000:217D       _GETPID
 0000:2188 idle  _GETPPID
 0000:2193 idle  _SENDSIGNAL
 0000:21A4 idle  _WAITSIGNAL
 0000:21B0       _SEMCREATE
 0000:21BE idle  _SEMSET
 0000:21CF       _SEMUP
 0000:21DD       _SEMDOWN
 0000:21EB       _SEMDESTROY
 0000:21F9       _STOP
 0000:2207       _RESUME
 0000:2215       _MINISO_SYSTEMCALL
 0000:2225       _MINISO_CLOCKHANDLER
 0000:2236       _MINISO_RETURN_ADDR
 0000:2246       _SETVECT
 0000:226D       _GETVECT
 0000:228A       _ENABLE
 0000:228C       _DISABLE
 0000:228E       _MK_FP
 0000:2299       _FP_SEG
 0000:22A1       _FP_OFF
 0000:22A9       _INIT_DS
 0000:22B3       _INIT_STACK
 0000:22CE       N_LXMUL@
 0000:22D7 idle  LXMUL@
 0000:22EE idle  N_LDIV@
 0000:22F1 idle  LDIV@
 0000:22F6       N_LUDIV@
 0000:22F9 idle  LUDIV@
 0000:22FF idle  N_LMOD@
 0000:2302 idle  LMOD@
 0000:2308       N_LUMOD@
 0000:230B idle  LUMOD@
 0000:239F idle  N_LXLSH@
 0000:23A2 idle  LXLSH@
 0000:23C0       _SCALL
 0000:249A idle  _SC_PUTCH
 0000:2530 idle  _SC_GETCH
 0000:2580 idle  _SC_CLRSCR
 0000:25A2 idle  _SC_GETCOLOR
 0000:25AD idle  _SC_SETCOLOR
 0000:25BC idle  _SC_WHEREX
 0000:25C9 idle  _SC_WHEREY
 0000:25DA idle  _SC_GOTOXY
 0000:2608 idle  _SC_GETDATE
 0000:26B8 idle  _SC_GETTIME
 0000:2751       _MINISO_CONTEXTSWITCH
 0000:287C idle  _MINISO_INIT_SEMTABLE
 0000:2897       _MINISO_INIT_PROCTABLE
 0000:2978 idle  _SC_REBOOT
 0000:2998 idle  _SC_FORK
 0000:2BF4 idle  _SC_KILL
 0000:2EF0 idle  _SC_WAITPID
 0000:30C3 idle  _SC_WAIT
 0000:3243 idle  _SC_EXIT
 0000:34C8 idle  _SC_GETPID
 0000:34DD idle  _SC_GETPPID
 0000:34F2 idle  _SC_SENDSIGNAL
 0000:35F2 idle  _SC_WAITSIGNAL
 0000:3728 idle  _SC_SEMCREATE
 0000:37B3 idle  _SC_SEMSET
 0000:37EC idle  _SC_SEMUP
 0000:38D9 idle  _SC_SEMDOWN
 0000:3A1F idle  _SC_SEMDESTROY
 0000:3A57 idle  _SC_STOP
 0000:3AFB idle  _SC_RESUME
 03B8:0EE1 idle  _MINISO_READY
 03B8:0EE3 idle  _MINISO_FREE
 03B8:0EE5 idle  _MINISO_SCALL_TABLE
 03B8:1134 idle  _SEMID
 03B8:1748       _MINISO_OLDISR
 03B8:174C idle  _MINISO_NEXTTHREAD
 03B8:174E idle  _MINISO_DELCURTHREAD
 03B8:174F       _MINISO_THREAD
 03B8:18EF       _MINISO_SEM

Program entry point at 0000:0000
Warning: No stack

