
 Start  Stop   Length Name               Class

 00000H 037AEH 037AFH _TEXT              CODE
 037B0H 0463CH 00E8DH _DATA              DATA
 0463EH 04E5CH 0081FH _BSS               BSS


Detailed map of segments

 0000:0000 00C3 C=CODE   S=_TEXT          G=(none)  M=INIT.C     ACBP=28
 0000:00C3 152B C=CODE   S=_TEXT          G=(none)  M=COMMAND.C  ACBP=28
 0000:15EE 084E C=CODE   S=_TEXT          G=(none)  M=LIB.C      ACBP=28
 0000:1E3C 01AB C=CODE   S=_TEXT          G=(none)  M=MINISO.ASM ACBP=28
 0000:1FE7 17C8 C=CODE   S=_TEXT          G=(none)  M=SCALL.C    ACBP=28
 037B:0000 004E C=DATA   S=_DATA          G=DGROUP  M=INIT.C     ACBP=48
 037B:004E 0C2A C=DATA   S=_DATA          G=DGROUP  M=COMMAND.C  ACBP=48
 037B:0C78 0000 C=DATA   S=_DATA          G=DGROUP  M=LIB.C      ACBP=48
 037B:0C78 0002 C=DATA   S=_DATA          G=DGROUP  M=MINISO.ASM ACBP=48
 037B:0C7A 0213 C=DATA   S=_DATA          G=DGROUP  M=SCALL.C    ACBP=48
 037B:0E8E 0000 C=BSS    S=_BSS           G=DGROUP  M=INIT.C     ACBP=48
 037B:0E8E 0627 C=BSS    S=_BSS           G=DGROUP  M=COMMAND.C  ACBP=48
 037B:14B6 0000 C=BSS    S=_BSS           G=DGROUP  M=LIB.C      ACBP=48
 037B:14B6 01F7 C=BSS    S=_BSS           G=DGROUP  M=SCALL.C    ACBP=48

  Address         Publics by Name

 0000:1F18 idle  LDIV@
 0000:1F29 idle  LMOD@
 0000:1F20 idle  LUDIV@
 0000:1F32 idle  LUMOD@
 0000:1FC9 idle  LXLSH@
 0000:1EFE idle  LXMUL@
 0000:1F15 idle  N_LDIV@
 0000:1F26 idle  N_LMOD@
 0000:1F1D       N_LUDIV@
 0000:1F2F       N_LUMOD@
 0000:1FC6 idle  N_LXLSH@
 0000:1EF5       N_LXMUL@
 0000:18CB       _ATOI
 0000:1605       _CLRSCR
 0000:0A43 idle  _CMD_CLS
 0000:0908 idle  _CMD_DATE
 0000:10A7 idle  _CMD_DEMO
 0000:0E4F idle  _CMD_ECHO
 0000:089B idle  _CMD_EXIT
 0000:08B0 idle  _CMD_HELP
 0000:0D2E idle  _CMD_KILL
 0000:0A88 idle  _CMD_PS
 0000:0885 idle  _CMD_REBOOT
 0000:15A2 idle  _CMD_RESUME
 0000:12F8 idle  _CMD_SEMCREATE
 0000:151D idle  _CMD_SEMDESTROY
 0000:1202 idle  _CMD_SEMLS
 0000:1490 idle  _CMD_SEMTEST
 0000:14E4 idle  _CMD_SEMUP
 0000:0D76 idle  _CMD_SET
 0000:1556 idle  _CMD_STOP
 0000:09A3 idle  _CMD_TIME
 0000:0E0F idle  _CMD_UNSET
 0000:0A59 idle  _CMD_VER
 0000:118A idle  _CMD_WAIT
 0000:10FB idle  _CMD_WAITPID
 0000:00C3       _COMMAND
 0000:1EB3       _DISABLE
 0000:1EB1       _ENABLE
 0000:1D98       _EXIT
 0000:1D2C       _FORK
 0000:1EC8       _FP_OFF
 0000:1EC0       _FP_SEG
 0000:15FA       _GETCH
 0000:167D       _GETCOLOR
 0000:16B9       _GETDATE
 0000:1DA4       _GETPID
 0000:1DAF idle  _GETPPID
 0000:16DC       _GETTIME
 0000:1E94       _GETVECT
 0000:16AA       _GOTOXY
 0000:1ED0       _INIT_DS
 0000:1EDA       _INIT_STACK
 0000:1C5F       _INTTOSTR
 0000:18A4 idle  _ISALPHA
 0000:1887 idle  _ISDIGIT
 0000:1D3D       _KILL
 0000:0000 idle  _MAIN
 0000:1E4C       _MINISO_CLOCKHANDLER
 0000:2378       _MINISO_CONTEXTSWITCH
 037B:14BC idle  _MINISO_DELCURTHREAD
 037B:0C83 idle  _MINISO_FREE
 0000:24BE       _MINISO_INIT_PROCTABLE
 0000:24A3 idle  _MINISO_INIT_SEMTABLE
 037B:14BA idle  _MINISO_NEXTTHREAD
 037B:14B6       _MINISO_OLDISR
 037B:0C81 idle  _MINISO_READY
 0000:1E5D       _MINISO_RETURN_ADDR
 037B:0C85 idle  _MINISO_SCALL_TABLE
 037B:165D       _MINISO_SEM
 0000:1E3C       _MINISO_SYSTEMCALL
 037B:14BD       _MINISO_THREAD
 0000:1EB5       _MK_FP
 0000:15EE       _PUTCH
 0000:160E       _PUTSTR
 0000:162D       _PUTSTRXY
 0000:1D23       _REBOOT
 0000:1E2E       _RESUME
 0000:1FE7       _SCALL
 0000:21A7 idle  _SC_CLRSCR
 0000:2E6A idle  _SC_EXIT
 0000:25BF idle  _SC_FORK
 0000:2157 idle  _SC_GETCH
 0000:21C9 idle  _SC_GETCOLOR
 0000:222F idle  _SC_GETDATE
 0000:30EF idle  _SC_GETPID
 0000:3104 idle  _SC_GETPPID
 0000:22DF idle  _SC_GETTIME
 0000:2201 idle  _SC_GOTOXY
 0000:281B idle  _SC_KILL
 0000:20C1 idle  _SC_PUTCH
 0000:259F idle  _SC_REBOOT
 0000:3722 idle  _SC_RESUME
 0000:334F idle  _SC_SEMCREATE
 0000:3646 idle  _SC_SEMDESTROY
 0000:3500 idle  _SC_SEMDOWN
 0000:33DA idle  _SC_SEMSET
 0000:3413 idle  _SC_SEMUP
 0000:3119 idle  _SC_SENDSIGNAL
 0000:21D4 idle  _SC_SETCOLOR
 0000:367E idle  _SC_STOP
 0000:2CEA idle  _SC_WAIT
 0000:2B17 idle  _SC_WAITPID
 0000:3219 idle  _SC_WAITSIGNAL
 0000:21E3 idle  _SC_WHEREX
 0000:21F0 idle  _SC_WHEREY
 0000:1DD7       _SEMCREATE
 0000:1E12       _SEMDESTROY
 0000:1E04       _SEMDOWN
 037B:0EA2 idle  _SEMID
 0000:1DE5 idle  _SEMSET
 0000:1DF6       _SEMUP
 0000:1387 idle  _SEM_APLIC
 0000:1DBA idle  _SENDSIGNAL
 0000:1688       _SETCOLOR
 0000:1E6D       _SETVECT
 0000:1E20       _STOP
 0000:182B       _STRCMP
 0000:16FF       _STRCPY
 0000:186D       _STRLEN
 0000:17DF idle  _STRLWR
 0000:1741 idle  _STRNCPY
 0000:1793 idle  _STRUPR
 0000:1A25 idle  _UNSIGNEDLONGTOSTR
 0000:1945       _UNSIGNEDTOSTR
 0000:1BDF idle  _UNSIGNEDTOSTRHEXA
 0000:1D4B       _WAIT
 0000:1D70       _WAITPID
 0000:1DCB idle  _WAITSIGNAL
 0000:1694       _WHEREX
 0000:169F       _WHEREY

  Address         Publics by Value

 0000:0000 idle  _MAIN
 0000:00C3       _COMMAND
 0000:0885 idle  _CMD_REBOOT
 0000:089B idle  _CMD_EXIT
 0000:08B0 idle  _CMD_HELP
 0000:0908 idle  _CMD_DATE
 0000:09A3 idle  _CMD_TIME
 0000:0A43 idle  _CMD_CLS
 0000:0A59 idle  _CMD_VER
 0000:0A88 idle  _CMD_PS
 0000:0D2E idle  _CMD_KILL
 0000:0D76 idle  _CMD_SET
 0000:0E0F idle  _CMD_UNSET
 0000:0E4F idle  _CMD_ECHO
 0000:10A7 idle  _CMD_DEMO
 0000:10FB idle  _CMD_WAITPID
 0000:118A idle  _CMD_WAIT
 0000:1202 idle  _CMD_SEMLS
 0000:12F8 idle  _CMD_SEMCREATE
 0000:1387 idle  _SEM_APLIC
 0000:1490 idle  _CMD_SEMTEST
 0000:14E4 idle  _CMD_SEMUP
 0000:151D idle  _CMD_SEMDESTROY
 0000:1556 idle  _CMD_STOP
 0000:15A2 idle  _CMD_RESUME
 0000:15EE       _PUTCH
 0000:15FA       _GETCH
 0000:1605       _CLRSCR
 0000:160E       _PUTSTR
 0000:162D       _PUTSTRXY
 0000:167D       _GETCOLOR
 0000:1688       _SETCOLOR
 0000:1694       _WHEREX
 0000:169F       _WHEREY
 0000:16AA       _GOTOXY
 0000:16B9       _GETDATE
 0000:16DC       _GETTIME
 0000:16FF       _STRCPY
 0000:1741 idle  _STRNCPY
 0000:1793 idle  _STRUPR
 0000:17DF idle  _STRLWR
 0000:182B       _STRCMP
 0000:186D       _STRLEN
 0000:1887 idle  _ISDIGIT
 0000:18A4 idle  _ISALPHA
 0000:18CB       _ATOI
 0000:1945       _UNSIGNEDTOSTR
 0000:1A25 idle  _UNSIGNEDLONGTOSTR
 0000:1BDF idle  _UNSIGNEDTOSTRHEXA
 0000:1C5F       _INTTOSTR
 0000:1D23       _REBOOT
 0000:1D2C       _FORK
 0000:1D3D       _KILL
 0000:1D4B       _WAIT
 0000:1D70       _WAITPID
 0000:1D98       _EXIT
 0000:1DA4       _GETPID
 0000:1DAF idle  _GETPPID
 0000:1DBA idle  _SENDSIGNAL
 0000:1DCB idle  _WAITSIGNAL
 0000:1DD7       _SEMCREATE
 0000:1DE5 idle  _SEMSET
 0000:1DF6       _SEMUP
 0000:1E04       _SEMDOWN
 0000:1E12       _SEMDESTROY
 0000:1E20       _STOP
 0000:1E2E       _RESUME
 0000:1E3C       _MINISO_SYSTEMCALL
 0000:1E4C       _MINISO_CLOCKHANDLER
 0000:1E5D       _MINISO_RETURN_ADDR
 0000:1E6D       _SETVECT
 0000:1E94       _GETVECT
 0000:1EB1       _ENABLE
 0000:1EB3       _DISABLE
 0000:1EB5       _MK_FP
 0000:1EC0       _FP_SEG
 0000:1EC8       _FP_OFF
 0000:1ED0       _INIT_DS
 0000:1EDA       _INIT_STACK
 0000:1EF5       N_LXMUL@
 0000:1EFE idle  LXMUL@
 0000:1F15 idle  N_LDIV@
 0000:1F18 idle  LDIV@
 0000:1F1D       N_LUDIV@
 0000:1F20 idle  LUDIV@
 0000:1F26 idle  N_LMOD@
 0000:1F29 idle  LMOD@
 0000:1F2F       N_LUMOD@
 0000:1F32 idle  LUMOD@
 0000:1FC6 idle  N_LXLSH@
 0000:1FC9 idle  LXLSH@
 0000:1FE7       _SCALL
 0000:20C1 idle  _SC_PUTCH
 0000:2157 idle  _SC_GETCH
 0000:21A7 idle  _SC_CLRSCR
 0000:21C9 idle  _SC_GETCOLOR
 0000:21D4 idle  _SC_SETCOLOR
 0000:21E3 idle  _SC_WHEREX
 0000:21F0 idle  _SC_WHEREY
 0000:2201 idle  _SC_GOTOXY
 0000:222F idle  _SC_GETDATE
 0000:22DF idle  _SC_GETTIME
 0000:2378       _MINISO_CONTEXTSWITCH
 0000:24A3 idle  _MINISO_INIT_SEMTABLE
 0000:24BE       _MINISO_INIT_PROCTABLE
 0000:259F idle  _SC_REBOOT
 0000:25BF idle  _SC_FORK
 0000:281B idle  _SC_KILL
 0000:2B17 idle  _SC_WAITPID
 0000:2CEA idle  _SC_WAIT
 0000:2E6A idle  _SC_EXIT
 0000:30EF idle  _SC_GETPID
 0000:3104 idle  _SC_GETPPID
 0000:3119 idle  _SC_SENDSIGNAL
 0000:3219 idle  _SC_WAITSIGNAL
 0000:334F idle  _SC_SEMCREATE
 0000:33DA idle  _SC_SEMSET
 0000:3413 idle  _SC_SEMUP
 0000:3500 idle  _SC_SEMDOWN
 0000:3646 idle  _SC_SEMDESTROY
 0000:367E idle  _SC_STOP
 0000:3722 idle  _SC_RESUME
 037B:0C81 idle  _MINISO_READY
 037B:0C83 idle  _MINISO_FREE
 037B:0C85 idle  _MINISO_SCALL_TABLE
 037B:0EA2 idle  _SEMID
 037B:14B6       _MINISO_OLDISR
 037B:14BA idle  _MINISO_NEXTTHREAD
 037B:14BC idle  _MINISO_DELCURTHREAD
 037B:14BD       _MINISO_THREAD
 037B:165D       _MINISO_SEM

Program entry point at 0000:0000
Warning: No stack

