
 Start  Stop   Length Name               Class

 00000H 03879H 0387AH _TEXT              CODE
 0387AH 04810H 00F97H _DATA              DATA
 04812H 05044H 00833H _BSS               BSS


Detailed map of segments

 0000:0000 00C3 C=CODE   S=_TEXT          G=(none)  M=INIT.C     ACBP=28
 0000:00C3 15F6 C=CODE   S=_TEXT          G=(none)  M=COMMAND.C  ACBP=28
 0000:16B9 084E C=CODE   S=_TEXT          G=(none)  M=LIB.C      ACBP=28
 0000:1F07 01AB C=CODE   S=_TEXT          G=(none)  M=MINISO.ASM ACBP=28
 0000:20B2 17C8 C=CODE   S=_TEXT          G=(none)  M=SCALL.C    ACBP=28
 0387:000A 004E C=DATA   S=_DATA          G=DGROUP  M=INIT.C     ACBP=48
 0387:0058 0D34 C=DATA   S=_DATA          G=DGROUP  M=COMMAND.C  ACBP=48
 0387:0D8C 0000 C=DATA   S=_DATA          G=DGROUP  M=LIB.C      ACBP=48
 0387:0D8C 0002 C=DATA   S=_DATA          G=DGROUP  M=MINISO.ASM ACBP=48
 0387:0D8E 0213 C=DATA   S=_DATA          G=DGROUP  M=SCALL.C    ACBP=48
 0387:0FA2 0000 C=BSS    S=_BSS           G=DGROUP  M=INIT.C     ACBP=48
 0387:0FA2 063B C=BSS    S=_BSS           G=DGROUP  M=COMMAND.C  ACBP=48
 0387:15DE 0000 C=BSS    S=_BSS           G=DGROUP  M=LIB.C      ACBP=48
 0387:15DE 01F7 C=BSS    S=_BSS           G=DGROUP  M=SCALL.C    ACBP=48

  Address         Publics by Name

 0000:1FE3 idle  LDIV@
 0000:1FF4 idle  LMOD@
 0000:1FEB idle  LUDIV@
 0000:1FFD idle  LUMOD@
 0000:2094 idle  LXLSH@
 0000:1FC9 idle  LXMUL@
 0000:1FE0 idle  N_LDIV@
 0000:1FF1 idle  N_LMOD@
 0000:1FE8       N_LUDIV@
 0000:1FFA       N_LUMOD@
 0000:2091 idle  N_LXLSH@
 0000:1FC0       N_LXMUL@
 0000:1996       _ATOI
 0000:16D0       _CLRSCR
 0000:0A43 idle  _CMD_CLS
 0000:0908 idle  _CMD_DATE
 0000:10A7 idle  _CMD_DEMO
 0000:0E4F idle  _CMD_ECHO
 0000:089B idle  _CMD_EXIT
 0000:08B0 idle  _CMD_HELP
 0000:0D2E idle  _CMD_KILL
 0000:1665 idle  _CMD_PRODCONS
 0000:0A88 idle  _CMD_PS
 0000:0885 idle  _CMD_REBOOT
 0000:15A2 idle  _CMD_RESUME
 0000:12F8 idle  _CMD_SEMCREATE
 0000:151D idle  _CMD_SEMDESTROY
 0000:1202 idle  _CMD_SEMLS
 0000:1490 idle  _CMD_SEMTEST
 0000:14E4 idle  _CMD_SEMUP
 0000:0D76 idle  _CMD_SET
 0000:1556 idle  _CMD_STOP
 0000:09A3 idle  _CMD_TIME
 0000:0E0F idle  _CMD_UNSET
 0000:0A59 idle  _CMD_VER
 0000:118A idle  _CMD_WAIT
 0000:10FB idle  _CMD_WAITPID
 0000:00C3       _COMMAND
 0000:1656 idle  _CONSUMIDOR
 0000:1F7E       _DISABLE
 0000:1F7C       _ENABLE
 0000:1E63       _EXIT
 0000:1DF7       _FORK
 0000:1F93       _FP_OFF
 0000:1F8B       _FP_SEG
 0000:16C5       _GETCH
 0000:1748       _GETCOLOR
 0000:1784       _GETDATE
 0000:1E6F       _GETPID
 0000:1E7A idle  _GETPPID
 0000:17A7       _GETTIME
 0000:1F5F       _GETVECT
 0000:1775       _GOTOXY
 0000:15EE idle  _IMPRIMELISTA
 0000:161F idle  _INICIALIZALISTA
 0000:1F9B       _INIT_DS
 0000:1FA5       _INIT_STACK
 0000:1D2A       _INTTOSTR
 0000:196F idle  _ISALPHA
 0000:1952 idle  _ISDIGIT
 0000:1E08       _KILL
 0000:0000 idle  _MAIN
 0000:1F17       _MINISO_CLOCKHANDLER
 0000:2443       _MINISO_CONTEXTSWITCH
 0387:15E4 idle  _MINISO_DELCURTHREAD
 0387:0D97 idle  _MINISO_FREE
 0000:2589       _MINISO_INIT_PROCTABLE
 0000:256E idle  _MINISO_INIT_SEMTABLE
 0387:15E2 idle  _MINISO_NEXTTHREAD
 0387:15DE       _MINISO_OLDISR
 0387:0D95 idle  _MINISO_READY
 0000:1F28       _MINISO_RETURN_ADDR
 0387:0D99 idle  _MINISO_SCALL_TABLE
 0387:1785       _MINISO_SEM
 0000:1F07       _MINISO_SYSTEMCALL
 0387:15E5       _MINISO_THREAD
 0000:1F80       _MK_FP
 0000:1635 idle  _PRODUTOR
 0000:16B9       _PUTCH
 0000:16D9       _PUTSTR
 0000:16F8       _PUTSTRXY
 0000:1DEE       _REBOOT
 0000:1EF9       _RESUME
 0000:20B2       _SCALL
 0000:2272 idle  _SC_CLRSCR
 0000:2F35 idle  _SC_EXIT
 0000:268A idle  _SC_FORK
 0000:2222 idle  _SC_GETCH
 0000:2294 idle  _SC_GETCOLOR
 0000:22FA idle  _SC_GETDATE
 0000:31BA idle  _SC_GETPID
 0000:31CF idle  _SC_GETPPID
 0000:23AA idle  _SC_GETTIME
 0000:22CC idle  _SC_GOTOXY
 0000:28E6 idle  _SC_KILL
 0000:218C idle  _SC_PUTCH
 0000:266A idle  _SC_REBOOT
 0000:37ED idle  _SC_RESUME
 0000:341A idle  _SC_SEMCREATE
 0000:3711 idle  _SC_SEMDESTROY
 0000:35CB idle  _SC_SEMDOWN
 0000:34A5 idle  _SC_SEMSET
 0000:34DE idle  _SC_SEMUP
 0000:31E4 idle  _SC_SENDSIGNAL
 0000:229F idle  _SC_SETCOLOR
 0000:3749 idle  _SC_STOP
 0000:2DB5 idle  _SC_WAIT
 0000:2BE2 idle  _SC_WAITPID
 0000:32E4 idle  _SC_WAITSIGNAL
 0000:22AE idle  _SC_WHEREX
 0000:22BB idle  _SC_WHEREY
 0000:1EA2       _SEMCREATE
 0000:1EDD       _SEMDESTROY
 0000:1ECF       _SEMDOWN
 0387:0FCA idle  _SEMID
 0000:1EB0 idle  _SEMSET
 0000:1EC1       _SEMUP
 0000:1387 idle  _SEM_APLIC
 0000:1E85 idle  _SENDSIGNAL
 0000:1753       _SETCOLOR
 0000:1F38       _SETVECT
 0000:1EEB       _STOP
 0000:18F6       _STRCMP
 0000:17CA       _STRCPY
 0000:1938       _STRLEN
 0000:18AA idle  _STRLWR
 0000:180C idle  _STRNCPY
 0000:185E idle  _STRUPR
 0000:1AF0 idle  _UNSIGNEDLONGTOSTR
 0000:1A10       _UNSIGNEDTOSTR
 0000:1CAA idle  _UNSIGNEDTOSTRHEXA
 0000:1E16       _WAIT
 0000:1E3B       _WAITPID
 0000:1E96 idle  _WAITSIGNAL
 0000:175F       _WHEREX
 0000:176A       _WHEREY

  Address         Publics by Value

 0000:0000 idle  _MAIN
 0000:00C3       _COMMAND
 0000:0885 idle  _CMD_REBOOT
 0000:089B idle  _CMD_EXIT
 0000:08B0 idle  _CMD_HELP
 0000:0908 idle  _CMD_DATE
 0000:09A3 idle  _CMD_TIME
 0000:0A43 idle  _CMD_CLS
 0000:0A59 idle  _CMD_VER
 0000:0A88 idle  _CMD_PS
 0000:0D2E idle  _CMD_KILL
 0000:0D76 idle  _CMD_SET
 0000:0E0F idle  _CMD_UNSET
 0000:0E4F idle  _CMD_ECHO
 0000:10A7 idle  _CMD_DEMO
 0000:10FB idle  _CMD_WAITPID
 0000:118A idle  _CMD_WAIT
 0000:1202 idle  _CMD_SEMLS
 0000:12F8 idle  _CMD_SEMCREATE
 0000:1387 idle  _SEM_APLIC
 0000:1490 idle  _CMD_SEMTEST
 0000:14E4 idle  _CMD_SEMUP
 0000:151D idle  _CMD_SEMDESTROY
 0000:1556 idle  _CMD_STOP
 0000:15A2 idle  _CMD_RESUME
 0000:15EE idle  _IMPRIMELISTA
 0000:161F idle  _INICIALIZALISTA
 0000:1635 idle  _PRODUTOR
 0000:1656 idle  _CONSUMIDOR
 0000:1665 idle  _CMD_PRODCONS
 0000:16B9       _PUTCH
 0000:16C5       _GETCH
 0000:16D0       _CLRSCR
 0000:16D9       _PUTSTR
 0000:16F8       _PUTSTRXY
 0000:1748       _GETCOLOR
 0000:1753       _SETCOLOR
 0000:175F       _WHEREX
 0000:176A       _WHEREY
 0000:1775       _GOTOXY
 0000:1784       _GETDATE
 0000:17A7       _GETTIME
 0000:17CA       _STRCPY
 0000:180C idle  _STRNCPY
 0000:185E idle  _STRUPR
 0000:18AA idle  _STRLWR
 0000:18F6       _STRCMP
 0000:1938       _STRLEN
 0000:1952 idle  _ISDIGIT
 0000:196F idle  _ISALPHA
 0000:1996       _ATOI
 0000:1A10       _UNSIGNEDTOSTR
 0000:1AF0 idle  _UNSIGNEDLONGTOSTR
 0000:1CAA idle  _UNSIGNEDTOSTRHEXA
 0000:1D2A       _INTTOSTR
 0000:1DEE       _REBOOT
 0000:1DF7       _FORK
 0000:1E08       _KILL
 0000:1E16       _WAIT
 0000:1E3B       _WAITPID
 0000:1E63       _EXIT
 0000:1E6F       _GETPID
 0000:1E7A idle  _GETPPID
 0000:1E85 idle  _SENDSIGNAL
 0000:1E96 idle  _WAITSIGNAL
 0000:1EA2       _SEMCREATE
 0000:1EB0 idle  _SEMSET
 0000:1EC1       _SEMUP
 0000:1ECF       _SEMDOWN
 0000:1EDD       _SEMDESTROY
 0000:1EEB       _STOP
 0000:1EF9       _RESUME
 0000:1F07       _MINISO_SYSTEMCALL
 0000:1F17       _MINISO_CLOCKHANDLER
 0000:1F28       _MINISO_RETURN_ADDR
 0000:1F38       _SETVECT
 0000:1F5F       _GETVECT
 0000:1F7C       _ENABLE
 0000:1F7E       _DISABLE
 0000:1F80       _MK_FP
 0000:1F8B       _FP_SEG
 0000:1F93       _FP_OFF
 0000:1F9B       _INIT_DS
 0000:1FA5       _INIT_STACK
 0000:1FC0       N_LXMUL@
 0000:1FC9 idle  LXMUL@
 0000:1FE0 idle  N_LDIV@
 0000:1FE3 idle  LDIV@
 0000:1FE8       N_LUDIV@
 0000:1FEB idle  LUDIV@
 0000:1FF1 idle  N_LMOD@
 0000:1FF4 idle  LMOD@
 0000:1FFA       N_LUMOD@
 0000:1FFD idle  LUMOD@
 0000:2091 idle  N_LXLSH@
 0000:2094 idle  LXLSH@
 0000:20B2       _SCALL
 0000:218C idle  _SC_PUTCH
 0000:2222 idle  _SC_GETCH
 0000:2272 idle  _SC_CLRSCR
 0000:2294 idle  _SC_GETCOLOR
 0000:229F idle  _SC_SETCOLOR
 0000:22AE idle  _SC_WHEREX
 0000:22BB idle  _SC_WHEREY
 0000:22CC idle  _SC_GOTOXY
 0000:22FA idle  _SC_GETDATE
 0000:23AA idle  _SC_GETTIME
 0000:2443       _MINISO_CONTEXTSWITCH
 0000:256E idle  _MINISO_INIT_SEMTABLE
 0000:2589       _MINISO_INIT_PROCTABLE
 0000:266A idle  _SC_REBOOT
 0000:268A idle  _SC_FORK
 0000:28E6 idle  _SC_KILL
 0000:2BE2 idle  _SC_WAITPID
 0000:2DB5 idle  _SC_WAIT
 0000:2F35 idle  _SC_EXIT
 0000:31BA idle  _SC_GETPID
 0000:31CF idle  _SC_GETPPID
 0000:31E4 idle  _SC_SENDSIGNAL
 0000:32E4 idle  _SC_WAITSIGNAL
 0000:341A idle  _SC_SEMCREATE
 0000:34A5 idle  _SC_SEMSET
 0000:34DE idle  _SC_SEMUP
 0000:35CB idle  _SC_SEMDOWN
 0000:3711 idle  _SC_SEMDESTROY
 0000:3749 idle  _SC_STOP
 0000:37ED idle  _SC_RESUME
 0387:0D95 idle  _MINISO_READY
 0387:0D97 idle  _MINISO_FREE
 0387:0D99 idle  _MINISO_SCALL_TABLE
 0387:0FCA idle  _SEMID
 0387:15DE       _MINISO_OLDISR
 0387:15E2 idle  _MINISO_NEXTTHREAD
 0387:15E4 idle  _MINISO_DELCURTHREAD
 0387:15E5       _MINISO_THREAD
 0387:1785       _MINISO_SEM

Program entry point at 0000:0000
Warning: No stack

