
 Start  Stop   Length Name               Class

 00000H 03B31H 03B32H _TEXT              CODE
 03B32H 04B4AH 01019H _DATA              DATA
 04B4CH 0539CH 00851H _BSS               BSS


Detailed map of segments

 0000:0000 00C3 C=CODE   S=_TEXT          G=(none)  M=INIT.C     ACBP=28
 0000:00C3 18AE C=CODE   S=_TEXT          G=(none)  M=COMMAND.C  ACBP=28
 0000:1971 084E C=CODE   S=_TEXT          G=(none)  M=LIB.C      ACBP=28
 0000:21BF 01AB C=CODE   S=_TEXT          G=(none)  M=MINISO.ASM ACBP=28
 0000:236A 17C8 C=CODE   S=_TEXT          G=(none)  M=SCALL.C    ACBP=28
 03B3:0002 004E C=DATA   S=_DATA          G=DGROUP  M=INIT.C     ACBP=48
 03B3:0050 0DB6 C=DATA   S=_DATA          G=DGROUP  M=COMMAND.C  ACBP=48
 03B3:0E06 0000 C=DATA   S=_DATA          G=DGROUP  M=LIB.C      ACBP=48
 03B3:0E06 0002 C=DATA   S=_DATA          G=DGROUP  M=MINISO.ASM ACBP=48
 03B3:0E08 0213 C=DATA   S=_DATA          G=DGROUP  M=SCALL.C    ACBP=48
 03B3:101C 0000 C=BSS    S=_BSS           G=DGROUP  M=INIT.C     ACBP=48
 03B3:101C 0659 C=BSS    S=_BSS           G=DGROUP  M=COMMAND.C  ACBP=48
 03B3:1676 0000 C=BSS    S=_BSS           G=DGROUP  M=LIB.C      ACBP=48
 03B3:1676 01F7 C=BSS    S=_BSS           G=DGROUP  M=SCALL.C    ACBP=48

  Address         Publics by Name

 0000:229B idle  LDIV@
 0000:22AC idle  LMOD@
 0000:22A3 idle  LUDIV@
 0000:22B5 idle  LUMOD@
 0000:234C idle  LXLSH@
 0000:2281 idle  LXMUL@
 0000:2298 idle  N_LDIV@
 0000:22A9 idle  N_LMOD@
 0000:22A0       N_LUDIV@
 0000:22B2       N_LUMOD@
 0000:2349 idle  N_LXLSH@
 0000:2278       N_LXMUL@
 0000:1C4E       _ATOI
 0000:1813 idle  _AVANCA
 0000:1988       _CLRSCR
 0000:0A43 idle  _CMD_CLS
 0000:0908 idle  _CMD_DATE
 0000:10A7 idle  _CMD_DEMO
 0000:0E4F idle  _CMD_ECHO
 0000:089B idle  _CMD_EXIT
 0000:08B0 idle  _CMD_HELP
 0000:0D2E idle  _CMD_KILL
 0000:18D6 idle  _CMD_PRODCONS
 0000:0A88 idle  _CMD_PS
 0000:0885 idle  _CMD_REBOOT
 0000:15A2 idle  _CMD_RESUME
 0000:12F8 idle  _CMD_SEMCREATE
 0000:151D idle  _CMD_SEMDESTROY
 0000:1202 idle  _CMD_SEMLS
 0000:1490 idle  _CMD_SEMTEST
 0000:14E4 idle  _CMD_SEMUP
 0000:0D76 idle  _CMD_SET
 0000:1556 idle  _CMD_STOP
 0000:09A3 idle  _CMD_TIME
 0000:0E0F idle  _CMD_UNSET
 0000:0A59 idle  _CMD_VER
 0000:118A idle  _CMD_WAIT
 0000:10FB idle  _CMD_WAITPID
 0000:00C3       _COMMAND
 0000:1850 idle  _CONSOME
 0000:18A4 idle  _CONSUMIDOR
 0000:2236       _DISABLE
 0000:2234       _ENABLE
 0000:211B       _EXIT
 0000:20AF       _FORK
 0000:224B       _FP_OFF
 0000:2243       _FP_SEG
 0000:197D       _GETCH
 0000:1A00       _GETCOLOR
 0000:1A3C       _GETDATE
 0000:2127       _GETPID
 0000:2132 idle  _GETPPID
 0000:1A5F       _GETTIME
 0000:2217       _GETVECT
 0000:1A2D       _GOTOXY
 0000:1641 idle  _IMPRIMEBUFFER
 0000:15EE idle  _IMPRIMELISTA
 0000:17F9 idle  _INICIALIZALISTA
 0000:2253       _INIT_DS
 0000:225D       _INIT_STACK
 0000:1FE2       _INTTOSTR
 0000:1C27 idle  _ISALPHA
 0000:1C0A idle  _ISDIGIT
 0000:20C0       _KILL
 0000:0000 idle  _MAIN
 0000:1776 idle  _MINISLEEP
 0000:21CF       _MINISO_CLOCKHANDLER
 0000:26FB       _MINISO_CONTEXTSWITCH
 03B3:167C idle  _MINISO_DELCURTHREAD
 03B3:0E11 idle  _MINISO_FREE
 0000:2841       _MINISO_INIT_PROCTABLE
 0000:2826 idle  _MINISO_INIT_SEMTABLE
 03B3:167A idle  _MINISO_NEXTTHREAD
 03B3:1676       _MINISO_OLDISR
 03B3:0E0F idle  _MINISO_READY
 0000:21E0       _MINISO_RETURN_ADDR
 03B3:0E13 idle  _MINISO_SCALL_TABLE
 03B3:181D       _MINISO_SEM
 0000:21BF       _MINISO_SYSTEMCALL
 03B3:167D       _MINISO_THREAD
 0000:2238       _MK_FP
 0000:1872 idle  _PRODUTOR
 0000:182E idle  _PRODUZ
 0000:1971       _PUTCH
 0000:1991       _PUTSTR
 0000:19B0       _PUTSTRXY
 0000:20A6       _REBOOT
 0000:21B1       _RESUME
 0000:236A       _SCALL
 0000:252A idle  _SC_CLRSCR
 0000:31ED idle  _SC_EXIT
 0000:2942 idle  _SC_FORK
 0000:24DA idle  _SC_GETCH
 0000:254C idle  _SC_GETCOLOR
 0000:25B2 idle  _SC_GETDATE
 0000:3472 idle  _SC_GETPID
 0000:3487 idle  _SC_GETPPID
 0000:2662 idle  _SC_GETTIME
 0000:2584 idle  _SC_GOTOXY
 0000:2B9E idle  _SC_KILL
 0000:2444 idle  _SC_PUTCH
 0000:2922 idle  _SC_REBOOT
 0000:3AA5 idle  _SC_RESUME
 0000:36D2 idle  _SC_SEMCREATE
 0000:39C9 idle  _SC_SEMDESTROY
 0000:3883 idle  _SC_SEMDOWN
 0000:375D idle  _SC_SEMSET
 0000:3796 idle  _SC_SEMUP
 0000:349C idle  _SC_SENDSIGNAL
 0000:2557 idle  _SC_SETCOLOR
 0000:3A01 idle  _SC_STOP
 0000:306D idle  _SC_WAIT
 0000:2E9A idle  _SC_WAITPID
 0000:359C idle  _SC_WAITSIGNAL
 0000:2566 idle  _SC_WHEREX
 0000:2573 idle  _SC_WHEREY
 0000:215A       _SEMCREATE
 0000:2195       _SEMDESTROY
 0000:2187       _SEMDOWN
 03B3:1062 idle  _SEMID
 0000:2168 idle  _SEMSET
 0000:2179       _SEMUP
 0000:1387 idle  _SEM_APLIC
 0000:213D idle  _SENDSIGNAL
 0000:1A0B       _SETCOLOR
 0000:21F0       _SETVECT
 0000:17A3 idle  _SLEEP
 0000:21A3       _STOP
 0000:1BAE       _STRCMP
 0000:1A82       _STRCPY
 0000:1BF0       _STRLEN
 0000:1B62 idle  _STRLWR
 0000:1AC4 idle  _STRNCPY
 0000:1B16 idle  _STRUPR
 0000:1DA8 idle  _UNSIGNEDLONGTOSTR
 0000:1CC8       _UNSIGNEDTOSTR
 0000:1F62 idle  _UNSIGNEDTOSTRHEXA
 0000:20CE       _WAIT
 0000:20F3       _WAITPID
 0000:214E idle  _WAITSIGNAL
 0000:1A17       _WHEREX
 0000:1A22       _WHEREY

  Address         Publics by Value

 0000:0000 idle  _MAIN
 0000:00C3       _COMMAND
 0000:0885 idle  _CMD_REBOOT
 0000:089B idle  _CMD_EXIT
 0000:08B0 idle  _CMD_HELP
 0000:0908 idle  _CMD_DATE
 0000:09A3 idle  _CMD_TIME
 0000:0A43 idle  _CMD_CLS
 0000:0A59 idle  _CMD_VER
 0000:0A88 idle  _CMD_PS
 0000:0D2E idle  _CMD_KILL
 0000:0D76 idle  _CMD_SET
 0000:0E0F idle  _CMD_UNSET
 0000:0E4F idle  _CMD_ECHO
 0000:10A7 idle  _CMD_DEMO
 0000:10FB idle  _CMD_WAITPID
 0000:118A idle  _CMD_WAIT
 0000:1202 idle  _CMD_SEMLS
 0000:12F8 idle  _CMD_SEMCREATE
 0000:1387 idle  _SEM_APLIC
 0000:1490 idle  _CMD_SEMTEST
 0000:14E4 idle  _CMD_SEMUP
 0000:151D idle  _CMD_SEMDESTROY
 0000:1556 idle  _CMD_STOP
 0000:15A2 idle  _CMD_RESUME
 0000:15EE idle  _IMPRIMELISTA
 0000:1641 idle  _IMPRIMEBUFFER
 0000:1776 idle  _MINISLEEP
 0000:17A3 idle  _SLEEP
 0000:17F9 idle  _INICIALIZALISTA
 0000:1813 idle  _AVANCA
 0000:182E idle  _PRODUZ
 0000:1850 idle  _CONSOME
 0000:1872 idle  _PRODUTOR
 0000:18A4 idle  _CONSUMIDOR
 0000:18D6 idle  _CMD_PRODCONS
 0000:1971       _PUTCH
 0000:197D       _GETCH
 0000:1988       _CLRSCR
 0000:1991       _PUTSTR
 0000:19B0       _PUTSTRXY
 0000:1A00       _GETCOLOR
 0000:1A0B       _SETCOLOR
 0000:1A17       _WHEREX
 0000:1A22       _WHEREY
 0000:1A2D       _GOTOXY
 0000:1A3C       _GETDATE
 0000:1A5F       _GETTIME
 0000:1A82       _STRCPY
 0000:1AC4 idle  _STRNCPY
 0000:1B16 idle  _STRUPR
 0000:1B62 idle  _STRLWR
 0000:1BAE       _STRCMP
 0000:1BF0       _STRLEN
 0000:1C0A idle  _ISDIGIT
 0000:1C27 idle  _ISALPHA
 0000:1C4E       _ATOI
 0000:1CC8       _UNSIGNEDTOSTR
 0000:1DA8 idle  _UNSIGNEDLONGTOSTR
 0000:1F62 idle  _UNSIGNEDTOSTRHEXA
 0000:1FE2       _INTTOSTR
 0000:20A6       _REBOOT
 0000:20AF       _FORK
 0000:20C0       _KILL
 0000:20CE       _WAIT
 0000:20F3       _WAITPID
 0000:211B       _EXIT
 0000:2127       _GETPID
 0000:2132 idle  _GETPPID
 0000:213D idle  _SENDSIGNAL
 0000:214E idle  _WAITSIGNAL
 0000:215A       _SEMCREATE
 0000:2168 idle  _SEMSET
 0000:2179       _SEMUP
 0000:2187       _SEMDOWN
 0000:2195       _SEMDESTROY
 0000:21A3       _STOP
 0000:21B1       _RESUME
 0000:21BF       _MINISO_SYSTEMCALL
 0000:21CF       _MINISO_CLOCKHANDLER
 0000:21E0       _MINISO_RETURN_ADDR
 0000:21F0       _SETVECT
 0000:2217       _GETVECT
 0000:2234       _ENABLE
 0000:2236       _DISABLE
 0000:2238       _MK_FP
 0000:2243       _FP_SEG
 0000:224B       _FP_OFF
 0000:2253       _INIT_DS
 0000:225D       _INIT_STACK
 0000:2278       N_LXMUL@
 0000:2281 idle  LXMUL@
 0000:2298 idle  N_LDIV@
 0000:229B idle  LDIV@
 0000:22A0       N_LUDIV@
 0000:22A3 idle  LUDIV@
 0000:22A9 idle  N_LMOD@
 0000:22AC idle  LMOD@
 0000:22B2       N_LUMOD@
 0000:22B5 idle  LUMOD@
 0000:2349 idle  N_LXLSH@
 0000:234C idle  LXLSH@
 0000:236A       _SCALL
 0000:2444 idle  _SC_PUTCH
 0000:24DA idle  _SC_GETCH
 0000:252A idle  _SC_CLRSCR
 0000:254C idle  _SC_GETCOLOR
 0000:2557 idle  _SC_SETCOLOR
 0000:2566 idle  _SC_WHEREX
 0000:2573 idle  _SC_WHEREY
 0000:2584 idle  _SC_GOTOXY
 0000:25B2 idle  _SC_GETDATE
 0000:2662 idle  _SC_GETTIME
 0000:26FB       _MINISO_CONTEXTSWITCH
 0000:2826 idle  _MINISO_INIT_SEMTABLE
 0000:2841       _MINISO_INIT_PROCTABLE
 0000:2922 idle  _SC_REBOOT
 0000:2942 idle  _SC_FORK
 0000:2B9E idle  _SC_KILL
 0000:2E9A idle  _SC_WAITPID
 0000:306D idle  _SC_WAIT
 0000:31ED idle  _SC_EXIT
 0000:3472 idle  _SC_GETPID
 0000:3487 idle  _SC_GETPPID
 0000:349C idle  _SC_SENDSIGNAL
 0000:359C idle  _SC_WAITSIGNAL
 0000:36D2 idle  _SC_SEMCREATE
 0000:375D idle  _SC_SEMSET
 0000:3796 idle  _SC_SEMUP
 0000:3883 idle  _SC_SEMDOWN
 0000:39C9 idle  _SC_SEMDESTROY
 0000:3A01 idle  _SC_STOP
 0000:3AA5 idle  _SC_RESUME
 03B3:0E0F idle  _MINISO_READY
 03B3:0E11 idle  _MINISO_FREE
 03B3:0E13 idle  _MINISO_SCALL_TABLE
 03B3:1062 idle  _SEMID
 03B3:1676       _MINISO_OLDISR
 03B3:167A idle  _MINISO_NEXTTHREAD
 03B3:167C idle  _MINISO_DELCURTHREAD
 03B3:167D       _MINISO_THREAD
 03B3:181D       _MINISO_SEM

Program entry point at 0000:0000
Warning: No stack

