
 Start  Stop   Length Name               Class

 00000H 0398AH 0398BH _TEXT              CODE
 0398CH 0493CH 00FB1H _DATA              DATA
 0493EH 05184H 00847H _BSS               BSS


Detailed map of segments

 0000:0000 00C3 C=CODE   S=_TEXT          G=(none)  M=INIT.C     ACBP=28
 0000:00C3 1707 C=CODE   S=_TEXT          G=(none)  M=COMMAND.C  ACBP=28
 0000:17CA 084E C=CODE   S=_TEXT          G=(none)  M=LIB.C      ACBP=28
 0000:2018 01AB C=CODE   S=_TEXT          G=(none)  M=MINISO.ASM ACBP=28
 0000:21C3 17C8 C=CODE   S=_TEXT          G=(none)  M=SCALL.C    ACBP=28
 0398:000C 004E C=DATA   S=_DATA          G=DGROUP  M=INIT.C     ACBP=48
 0398:005A 0D4E C=DATA   S=_DATA          G=DGROUP  M=COMMAND.C  ACBP=48
 0398:0DA8 0000 C=DATA   S=_DATA          G=DGROUP  M=LIB.C      ACBP=48
 0398:0DA8 0002 C=DATA   S=_DATA          G=DGROUP  M=MINISO.ASM ACBP=48
 0398:0DAA 0213 C=DATA   S=_DATA          G=DGROUP  M=SCALL.C    ACBP=48
 0398:0FBE 0000 C=BSS    S=_BSS           G=DGROUP  M=INIT.C     ACBP=48
 0398:0FBE 064F C=BSS    S=_BSS           G=DGROUP  M=COMMAND.C  ACBP=48
 0398:160E 0000 C=BSS    S=_BSS           G=DGROUP  M=LIB.C      ACBP=48
 0398:160E 01F7 C=BSS    S=_BSS           G=DGROUP  M=SCALL.C    ACBP=48

  Address         Publics by Name

 0000:20F4 idle  LDIV@
 0000:2105 idle  LMOD@
 0000:20FC idle  LUDIV@
 0000:210E idle  LUMOD@
 0000:21A5 idle  LXLSH@
 0000:20DA idle  LXMUL@
 0000:20F1 idle  N_LDIV@
 0000:2102 idle  N_LMOD@
 0000:20F9       N_LUDIV@
 0000:210B       N_LUMOD@
 0000:21A2 idle  N_LXLSH@
 0000:20D1       N_LXMUL@
 0000:1AA7       _ATOI
 0000:16A6 idle  _AVANCA
 0000:17E1       _CLRSCR
 0000:0A43 idle  _CMD_CLS
 0000:0908 idle  _CMD_DATE
 0000:10A7 idle  _CMD_DEMO
 0000:0E4F idle  _CMD_ECHO
 0000:089B idle  _CMD_EXIT
 0000:08B0 idle  _CMD_HELP
 0000:0D2E idle  _CMD_KILL
 0000:176F idle  _CMD_PRODCONS
 0000:0A88 idle  _CMD_PS
 0000:0885 idle  _CMD_REBOOT
 0000:15A2 idle  _CMD_RESUME
 0000:12F8 idle  _CMD_SEMCREATE
 0000:151D idle  _CMD_SEMDESTROY
 0000:1202 idle  _CMD_SEMLS
 0000:1490 idle  _CMD_SEMTEST
 0000:14E4 idle  _CMD_SEMUP
 0000:0D76 idle  _CMD_SET
 0000:1556 idle  _CMD_STOP
 0000:09A3 idle  _CMD_TIME
 0000:0E0F idle  _CMD_UNSET
 0000:0A59 idle  _CMD_VER
 0000:118A idle  _CMD_WAIT
 0000:10FB idle  _CMD_WAITPID
 0000:00C3       _COMMAND
 0000:16E7 idle  _CONSOME
 0000:173F idle  _CONSUMIDOR
 0000:208F       _DISABLE
 0000:208D       _ENABLE
 0000:1F74       _EXIT
 0000:1F08       _FORK
 0000:20A4       _FP_OFF
 0000:209C       _FP_SEG
 0000:17D6       _GETCH
 0000:1859       _GETCOLOR
 0000:1895       _GETDATE
 0000:1F80       _GETPID
 0000:1F8B idle  _GETPPID
 0000:18B8       _GETTIME
 0000:2070       _GETVECT
 0000:1886       _GOTOXY
 0000:1644 idle  _IMPRIMELISTA
 0000:168C idle  _INICIALIZALISTA
 0000:20AC       _INIT_DS
 0000:20B6       _INIT_STACK
 0000:1E3B       _INTTOSTR
 0000:1A80 idle  _ISALPHA
 0000:1A63 idle  _ISDIGIT
 0000:1F19       _KILL
 0000:0000 idle  _MAIN
 0000:2028       _MINISO_CLOCKHANDLER
 0000:2554       _MINISO_CONTEXTSWITCH
 0398:1614 idle  _MINISO_DELCURTHREAD
 0398:0DB3 idle  _MINISO_FREE
 0000:269A       _MINISO_INIT_PROCTABLE
 0000:267F idle  _MINISO_INIT_SEMTABLE
 0398:1612 idle  _MINISO_NEXTTHREAD
 0398:160E       _MINISO_OLDISR
 0398:0DB1 idle  _MINISO_READY
 0000:2039       _MINISO_RETURN_ADDR
 0398:0DB5 idle  _MINISO_SCALL_TABLE
 0398:17B5       _MINISO_SEM
 0000:2018       _MINISO_SYSTEMCALL
 0398:1615       _MINISO_THREAD
 0000:2091       _MK_FP
 0000:170D idle  _PRODUTOR
 0000:16C1 idle  _PRODUZ
 0000:17CA       _PUTCH
 0000:17EA       _PUTSTR
 0000:1809       _PUTSTRXY
 0000:1EFF       _REBOOT
 0000:200A       _RESUME
 0000:21C3       _SCALL
 0000:2383 idle  _SC_CLRSCR
 0000:3046 idle  _SC_EXIT
 0000:279B idle  _SC_FORK
 0000:2333 idle  _SC_GETCH
 0000:23A5 idle  _SC_GETCOLOR
 0000:240B idle  _SC_GETDATE
 0000:32CB idle  _SC_GETPID
 0000:32E0 idle  _SC_GETPPID
 0000:24BB idle  _SC_GETTIME
 0000:23DD idle  _SC_GOTOXY
 0000:29F7 idle  _SC_KILL
 0000:229D idle  _SC_PUTCH
 0000:277B idle  _SC_REBOOT
 0000:38FE idle  _SC_RESUME
 0000:352B idle  _SC_SEMCREATE
 0000:3822 idle  _SC_SEMDESTROY
 0000:36DC idle  _SC_SEMDOWN
 0000:35B6 idle  _SC_SEMSET
 0000:35EF idle  _SC_SEMUP
 0000:32F5 idle  _SC_SENDSIGNAL
 0000:23B0 idle  _SC_SETCOLOR
 0000:385A idle  _SC_STOP
 0000:2EC6 idle  _SC_WAIT
 0000:2CF3 idle  _SC_WAITPID
 0000:33F5 idle  _SC_WAITSIGNAL
 0000:23BF idle  _SC_WHEREX
 0000:23CC idle  _SC_WHEREY
 0000:1FB3       _SEMCREATE
 0000:1FEE       _SEMDESTROY
 0000:1FE0       _SEMDOWN
 0398:0FFA idle  _SEMID
 0000:1FC1 idle  _SEMSET
 0000:1FD2       _SEMUP
 0000:1387 idle  _SEM_APLIC
 0000:1F96 idle  _SENDSIGNAL
 0000:1864       _SETCOLOR
 0000:2049       _SETVECT
 0000:15EE idle  _SLEEP
 0000:1FFC       _STOP
 0000:1A07       _STRCMP
 0000:18DB       _STRCPY
 0000:1A49       _STRLEN
 0000:19BB idle  _STRLWR
 0000:191D idle  _STRNCPY
 0000:196F idle  _STRUPR
 0000:1C01 idle  _UNSIGNEDLONGTOSTR
 0000:1B21       _UNSIGNEDTOSTR
 0000:1DBB idle  _UNSIGNEDTOSTRHEXA
 0000:1F27       _WAIT
 0000:1F4C       _WAITPID
 0000:1FA7 idle  _WAITSIGNAL
 0000:1870       _WHEREX
 0000:187B       _WHEREY

  Address         Publics by Value

 0000:0000 idle  _MAIN
 0000:00C3       _COMMAND
 0000:0885 idle  _CMD_REBOOT
 0000:089B idle  _CMD_EXIT
 0000:08B0 idle  _CMD_HELP
 0000:0908 idle  _CMD_DATE
 0000:09A3 idle  _CMD_TIME
 0000:0A43 idle  _CMD_CLS
 0000:0A59 idle  _CMD_VER
 0000:0A88 idle  _CMD_PS
 0000:0D2E idle  _CMD_KILL
 0000:0D76 idle  _CMD_SET
 0000:0E0F idle  _CMD_UNSET
 0000:0E4F idle  _CMD_ECHO
 0000:10A7 idle  _CMD_DEMO
 0000:10FB idle  _CMD_WAITPID
 0000:118A idle  _CMD_WAIT
 0000:1202 idle  _CMD_SEMLS
 0000:12F8 idle  _CMD_SEMCREATE
 0000:1387 idle  _SEM_APLIC
 0000:1490 idle  _CMD_SEMTEST
 0000:14E4 idle  _CMD_SEMUP
 0000:151D idle  _CMD_SEMDESTROY
 0000:1556 idle  _CMD_STOP
 0000:15A2 idle  _CMD_RESUME
 0000:15EE idle  _SLEEP
 0000:1644 idle  _IMPRIMELISTA
 0000:168C idle  _INICIALIZALISTA
 0000:16A6 idle  _AVANCA
 0000:16C1 idle  _PRODUZ
 0000:16E7 idle  _CONSOME
 0000:170D idle  _PRODUTOR
 0000:173F idle  _CONSUMIDOR
 0000:176F idle  _CMD_PRODCONS
 0000:17CA       _PUTCH
 0000:17D6       _GETCH
 0000:17E1       _CLRSCR
 0000:17EA       _PUTSTR
 0000:1809       _PUTSTRXY
 0000:1859       _GETCOLOR
 0000:1864       _SETCOLOR
 0000:1870       _WHEREX
 0000:187B       _WHEREY
 0000:1886       _GOTOXY
 0000:1895       _GETDATE
 0000:18B8       _GETTIME
 0000:18DB       _STRCPY
 0000:191D idle  _STRNCPY
 0000:196F idle  _STRUPR
 0000:19BB idle  _STRLWR
 0000:1A07       _STRCMP
 0000:1A49       _STRLEN
 0000:1A63 idle  _ISDIGIT
 0000:1A80 idle  _ISALPHA
 0000:1AA7       _ATOI
 0000:1B21       _UNSIGNEDTOSTR
 0000:1C01 idle  _UNSIGNEDLONGTOSTR
 0000:1DBB idle  _UNSIGNEDTOSTRHEXA
 0000:1E3B       _INTTOSTR
 0000:1EFF       _REBOOT
 0000:1F08       _FORK
 0000:1F19       _KILL
 0000:1F27       _WAIT
 0000:1F4C       _WAITPID
 0000:1F74       _EXIT
 0000:1F80       _GETPID
 0000:1F8B idle  _GETPPID
 0000:1F96 idle  _SENDSIGNAL
 0000:1FA7 idle  _WAITSIGNAL
 0000:1FB3       _SEMCREATE
 0000:1FC1 idle  _SEMSET
 0000:1FD2       _SEMUP
 0000:1FE0       _SEMDOWN
 0000:1FEE       _SEMDESTROY
 0000:1FFC       _STOP
 0000:200A       _RESUME
 0000:2018       _MINISO_SYSTEMCALL
 0000:2028       _MINISO_CLOCKHANDLER
 0000:2039       _MINISO_RETURN_ADDR
 0000:2049       _SETVECT
 0000:2070       _GETVECT
 0000:208D       _ENABLE
 0000:208F       _DISABLE
 0000:2091       _MK_FP
 0000:209C       _FP_SEG
 0000:20A4       _FP_OFF
 0000:20AC       _INIT_DS
 0000:20B6       _INIT_STACK
 0000:20D1       N_LXMUL@
 0000:20DA idle  LXMUL@
 0000:20F1 idle  N_LDIV@
 0000:20F4 idle  LDIV@
 0000:20F9       N_LUDIV@
 0000:20FC idle  LUDIV@
 0000:2102 idle  N_LMOD@
 0000:2105 idle  LMOD@
 0000:210B       N_LUMOD@
 0000:210E idle  LUMOD@
 0000:21A2 idle  N_LXLSH@
 0000:21A5 idle  LXLSH@
 0000:21C3       _SCALL
 0000:229D idle  _SC_PUTCH
 0000:2333 idle  _SC_GETCH
 0000:2383 idle  _SC_CLRSCR
 0000:23A5 idle  _SC_GETCOLOR
 0000:23B0 idle  _SC_SETCOLOR
 0000:23BF idle  _SC_WHEREX
 0000:23CC idle  _SC_WHEREY
 0000:23DD idle  _SC_GOTOXY
 0000:240B idle  _SC_GETDATE
 0000:24BB idle  _SC_GETTIME
 0000:2554       _MINISO_CONTEXTSWITCH
 0000:267F idle  _MINISO_INIT_SEMTABLE
 0000:269A       _MINISO_INIT_PROCTABLE
 0000:277B idle  _SC_REBOOT
 0000:279B idle  _SC_FORK
 0000:29F7 idle  _SC_KILL
 0000:2CF3 idle  _SC_WAITPID
 0000:2EC6 idle  _SC_WAIT
 0000:3046 idle  _SC_EXIT
 0000:32CB idle  _SC_GETPID
 0000:32E0 idle  _SC_GETPPID
 0000:32F5 idle  _SC_SENDSIGNAL
 0000:33F5 idle  _SC_WAITSIGNAL
 0000:352B idle  _SC_SEMCREATE
 0000:35B6 idle  _SC_SEMSET
 0000:35EF idle  _SC_SEMUP
 0000:36DC idle  _SC_SEMDOWN
 0000:3822 idle  _SC_SEMDESTROY
 0000:385A idle  _SC_STOP
 0000:38FE idle  _SC_RESUME
 0398:0DB1 idle  _MINISO_READY
 0398:0DB3 idle  _MINISO_FREE
 0398:0DB5 idle  _MINISO_SCALL_TABLE
 0398:0FFA idle  _SEMID
 0398:160E       _MINISO_OLDISR
 0398:1612 idle  _MINISO_NEXTTHREAD
 0398:1614 idle  _MINISO_DELCURTHREAD
 0398:1615       _MINISO_THREAD
 0398:17B5       _MINISO_SEM

Program entry point at 0000:0000
Warning: No stack

